../Core/Src/main.c:98:5:main	80	static
../Core/Src/main.c:189:6:init_legs	8	static
../Core/Src/main.c:216:6:rest_legs	8	static
../Core/Src/main.c:243:6:move_leg	24	static
../Core/Src/main.c:269:6:HAL_UART_RxCpltCallback	16	static
../Core/Src/main.c:286:6:SystemClock_Config	88	static
../Core/Src/main.c:328:13:MX_TIM2_Init	48	static
../Core/Src/main.c:389:13:MX_TIM3_Init	48	static
../Core/Src/main.c:450:13:MX_TIM4_Init	48	static
../Core/Src/main.c:503:13:MX_USART1_UART_Init	8	static
../Core/Src/main.c:536:13:MX_GPIO_Init	48	static
../Core/Src/main.c:586:6:Error_Handler	4	static,ignoring_inline_asm
