../Core/Src/main.c:98:5:main	80	static
../Core/Src/main.c:261:6:init_legs	8	static
../Core/Src/main.c:288:6:rest_legs	8	static
../Core/Src/main.c:315:6:move_leg	24	static
../Core/Src/main.c:341:6:HAL_UART_RxCpltCallback	16	static
../Core/Src/main.c:358:6:SystemClock_Config	88	static
../Core/Src/main.c:400:13:MX_TIM2_Init	48	static
../Core/Src/main.c:461:13:MX_TIM3_Init	48	static
../Core/Src/main.c:522:13:MX_TIM4_Init	48	static
../Core/Src/main.c:575:13:MX_USART1_UART_Init	8	static
../Core/Src/main.c:608:13:MX_GPIO_Init	48	static
../Core/Src/main.c:665:6:Error_Handler	4	static,ignoring_inline_asm
