17:20:50 **** Incremental Build of configuration Debug for project ATAT Walker ****
make -j12 all 
arm-none-eabi-gcc "../Core/Src/main.c" -mcpu=cortex-m0plus -std=gnu11 -g3 -DDEBUG -DUSE_HAL_DRIVER -DSTM32L031xx -c -I../Core/Inc -I../Drivers/STM32L0xx_HAL_Driver/Inc -I../Drivers/STM32L0xx_HAL_Driver/Inc/Legacy -I../Drivers/CMSIS/Device/ST/STM32L0xx/Include -I../Drivers/CMSIS/Include -O0 -ffunction-sections -fdata-sections -Wall -fstack-usage -fcyclomatic-complexity -MMD -MP -MF"Core/Src/main.d" -MT"Core/Src/main.o" --specs=nano.specs -mfloat-abi=soft -mthumb -o "Core/Src/main.o"
arm-none-eabi-gcc -o "ATAT Walker.elf" @"objects.list"   -mcpu=cortex-m0plus -T"C:\Users\jcasino2\Downloads\ATAT Walker\ATAT Walker\STM32L031K6TX_FLASH.ld" --specs=nosys.specs -Wl,-Map="ATAT Walker.map" -Wl,--gc-sections -static --specs=nano.specs -mfloat-abi=soft -mthumb -Wl,--start-group -lc -lm -Wl,--end-group
Finished building target: ATAT Walker.elf
 
arm-none-eabi-size  ATAT\ Walker.elf 
arm-none-eabi-objdump -h -S ATAT\ Walker.elf  > "ATAT Walker.list"
   text	   data	    bss	    dec	    hex	filename
  20248	    124	   1788	  22160	   5690	ATAT Walker.elf
Finished building: default.size.stdout
 
Finished building: ATAT Walker.list
 

17:20:51 Build Finished. 0 errors, 0 warnings. (took 962ms)

