14:49:18 **** Clean-only build of configuration Debug for project ATAT Walker ****
make -j12 clean 
rm -rf ./Drivers/STM32L0xx_HAL_Driver/Src/stm32l0xx_hal.cyclo ./Drivers/STM32L0xx_HAL_Driver/Src/stm32l0xx_hal.d ./Drivers/STM32L0xx_HAL_Driver/Src/stm32l0xx_hal.o ./Drivers/STM32L0xx_HAL_Driver/Src/stm32l0xx_hal.su ./Drivers/STM32L0xx_HAL_Driver/Src/stm32l0xx_hal_cortex.cyclo ./Drivers/STM32L0xx_HAL_Driver/Src/stm32l0xx_hal_cortex.d ./Drivers/STM32L0xx_HAL_Driver/Src/stm32l0xx_hal_cortex.o ./Drivers/STM32L0xx_HAL_Driver/Src/stm32l0xx_hal_cortex.su ./Drivers/STM32L0xx_HAL_Driver/Src/stm32l0xx_hal_dma.cyclo ./Drivers/STM32L0xx_HAL_Driver/Src/stm32l0xx_hal_dma.d ./Drivers/STM32L0xx_HAL_Driver/Src/stm32l0xx_hal_dma.o ./Drivers/STM32L0xx_HAL_Driver/Src/stm32l0xx_hal_dma.su ./Drivers/STM32L0xx_HAL_Driver/Src/stm32l0xx_hal_exti.cyclo ./Drivers/STM32L0xx_HAL_Driver/Src/stm32l0xx_hal_exti.d ./Drivers/STM32L0xx_HAL_Driver/Src/stm32l0xx_hal_exti.o ./Drivers/STM32L0xx_HAL_Driver/Src/stm32l0xx_hal_exti.su ./Drivers/STM32L0xx_HAL_Driver/Src/stm32l0xx_hal_flash.cyclo ./Drivers/STM32L0xx_HAL_Driver/Src/stm32l0xx_hal_flash.d ./Drivers/STM32L0xx_HAL_Driver/Src/stm32l0xx_hal_flash.o ./Drivers/STM32L0xx_HAL_Driver/Src/stm32l0xx_hal_flash.su ./Drivers/STM32L0xx_HAL_Driver/Src/stm32l0xx_hal_flash_ex.cyclo ./Drivers/STM32L0xx_HAL_Driver/Src/stm32l0xx_hal_flash_ex.d ./Drivers/STM32L0xx_HAL_Driver/Src/stm32l0xx_hal_flash_ex.o ./Drivers/STM32L0xx_HAL_Driver/Src/stm32l0xx_hal_flash_ex.su ./Drivers/STM32L0xx_HAL_Driver/Src/stm32l0xx_hal_flash_ramfunc.cyclo ./Drivers/STM32L0xx_HAL_Driver/Src/stm32l0xx_hal_flash_ramfunc.d ./Drivers/STM32L0xx_HAL_Driver/Src/stm32l0xx_hal_flash_ramfunc.o ./Drivers/STM32L0xx_HAL_Driver/Src/stm32l0xx_hal_flash_ramfunc.su ./Drivers/STM32L0xx_HAL_Driver/Src/stm32l0xx_hal_gpio.cyclo ./Drivers/STM32L0xx_HAL_Driver/Src/stm32l0xx_hal_gpio.d ./Drivers/STM32L0xx_HAL_Driver/Src/stm32l0xx_hal_gpio.o ./Drivers/STM32L0xx_HAL_Driver/Src/stm32l0xx_hal_gpio.su ./Drivers/STM32L0xx_HAL_Driver/Src/stm32l0xx_hal_i2c.cyclo ./Drivers/STM32L0xx_HAL_Driver/Src/stm32l0xx_hal_i2c.d ./Drivers/STM32L0xx_HAL_Driver/Src/stm32l0xx_hal_i2c.o ./Drivers/STM32L0xx_HAL_Driver/Src/stm32l0xx_hal_i2c.su ./Drivers/STM32L0xx_HAL_Driver/Src/stm32l0xx_hal_i2c_ex.cyclo ./Drivers/STM32L0xx_HAL_Driver/Src/stm32l0xx_hal_i2c_ex.d ./Drivers/STM32L0xx_HAL_Driver/Src/stm32l0xx_hal_i2c_ex.o ./Drivers/STM32L0xx_HAL_Driver/Src/stm32l0xx_hal_i2c_ex.su ./Drivers/STM32L0xx_HAL_Driver/Src/stm32l0xx_hal_pwr.cyclo ./Drivers/STM32L0xx_HAL_Driver/Src/stm32l0xx_hal_pwr.d ./Drivers/STM32L0xx_HAL_Driver/Src/stm32l0xx_hal_pwr.o ./Drivers/STM32L0xx_HAL_Driver/Src/stm32l0xx_hal_pwr.su ./Drivers/STM32L0xx_HAL_Driver/Src/stm32l0xx_hal_pwr_ex.cyclo ./Drivers/STM32L0xx_HAL_Driver/Src/stm32l0xx_hal_pwr_ex.d ./Drivers/STM32L0xx_HAL_Driver/Src/stm32l0xx_hal_pwr_ex.o ./Drivers/STM32L0xx_HAL_Driver/Src/stm32l0xx_hal_pwr_ex.su ./Drivers/STM32L0xx_HAL_Driver/Src/stm32l0xx_hal_rcc.cyclo ./Drivers/STM32L0xx_HAL_Driver/Src/stm32l0xx_hal_rcc.d ./Drivers/STM32L0xx_HAL_Driver/Src/stm32l0xx_hal_rcc.o ./Drivers/STM32L0xx_HAL_Driver/Src/stm32l0xx_hal_rcc.su ./Drivers/STM32L0xx_HAL_Driver/Src/stm32l0xx_hal_rcc_ex.cyclo ./Drivers/STM32L0xx_HAL_Driver/Src/stm32l0xx_hal_rcc_ex.d ./Drivers/STM32L0xx_HAL_Driver/Src/stm32l0xx_hal_rcc_ex.o ./Drivers/STM32L0xx_HAL_Driver/Src/stm32l0xx_hal_rcc_ex.su ./Drivers/STM32L0xx_HAL_Driver/Src/stm32l0xx_hal_tim.cyclo ./Drivers/STM32L0xx_HAL_Driver/Src/stm32l0xx_hal_tim.d ./Drivers/STM32L0xx_HAL_Driver/Src/stm32l0xx_hal_tim.o ./Drivers/STM32L0xx_HAL_Driver/Src/stm32l0xx_hal_tim.su ./Drivers/STM32L0xx_HAL_Driver/Src/stm32l0xx_hal_tim_ex.cyclo ./Drivers/STM32L0xx_HAL_Driver/Src/stm32l0xx_hal_tim_ex.d ./Drivers/STM32L0xx_HAL_Driver/Src/stm32l0xx_hal_tim_ex.o ./Drivers/STM32L0xx_HAL_Driver/Src/stm32l0xx_hal_tim_ex.su ./Drivers/STM32L0xx_HAL_Driver/Src/stm32l0xx_hal_uart.cyclo ./Drivers/STM32L0xx_HAL_Driver/Src/stm32l0xx_hal_uart.d ./Drivers/STM32L0xx_HAL_Driver/Src/stm32l0xx_hal_uart.o ./Drivers/STM32L0xx_HAL_Driver/Src/stm32l0xx_hal_uart.su ./Drivers/STM32L0xx_HAL_Driver/Src/stm32l0xx_hal_uart_ex.cyclo ./Drivers/STM32L0xx_HAL_Driver/Src/stm32l0xx_hal_uart_ex.d ./Drivers/STM32L0xx_HAL_Driver/Src/stm32l0xx_hal_uart_ex.o ./Drivers/STM32L0xx_HAL_Driver/Src/stm32l0xx_hal_uart_ex.su
rm -rf ./Core/Startup/startup_stm32l031k6tx.d ./Core/Startup/startup_stm32l031k6tx.o
rm -rf ./Core/Src/main.cyclo ./Core/Src/main.d ./Core/Src/main.o ./Core/Src/main.su ./Core/Src/stm32l0xx_hal_msp.cyclo ./Core/Src/stm32l0xx_hal_msp.d ./Core/Src/stm32l0xx_hal_msp.o ./Core/Src/stm32l0xx_hal_msp.su ./Core/Src/stm32l0xx_it.cyclo ./Core/Src/stm32l0xx_it.d ./Core/Src/stm32l0xx_it.o ./Core/Src/stm32l0xx_it.su ./Core/Src/syscalls.cyclo ./Core/Src/syscalls.d ./Core/Src/syscalls.o ./Core/Src/syscalls.su ./Core/Src/sysmem.cyclo ./Core/Src/sysmem.d ./Core/Src/sysmem.o ./Core/Src/sysmem.su ./Core/Src/system_stm32l0xx.cyclo ./Core/Src/system_stm32l0xx.d ./Core/Src/system_stm32l0xx.o ./Core/Src/system_stm32l0xx.su
rm -rf ATAT\ Walker.elf ATAT\ Walker.list ATAT\ Walker.map ATAT\\ Walker.elf default.size.stdout
 
14:49:18 **** Build of configuration Debug for project ATAT Walker ****
make -j12 all 
arm-none-eabi-gcc "../Drivers/STM32L0xx_HAL_Driver/Src/stm32l0xx_hal.c" -mcpu=cortex-m0plus -std=gnu11 -g3 -DDEBUG -DUSE_HAL_DRIVER -DSTM32L031xx -c -I../Core/Inc -I../Drivers/STM32L0xx_HAL_Driver/Inc -I../Drivers/STM32L0xx_HAL_Driver/Inc/Legacy -I../Drivers/CMSIS/Device/ST/STM32L0xx/Include -I../Drivers/CMSIS/Include -O0 -ffunction-sections -fdata-sections -Wall -fstack-usage -fcyclomatic-complexity -MMD -MP -MF"Drivers/STM32L0xx_HAL_Driver/Src/stm32l0xx_hal.d" -MT"Drivers/STM32L0xx_HAL_Driver/Src/stm32l0xx_hal.o" --specs=nano.specs -mfloat-abi=soft -mthumb -o "Drivers/STM32L0xx_HAL_Driver/Src/stm32l0xx_hal.o"
arm-none-eabi-gcc "../Drivers/STM32L0xx_HAL_Driver/Src/stm32l0xx_hal_cortex.c" -mcpu=cortex-m0plus -std=gnu11 -g3 -DDEBUG -DUSE_HAL_DRIVER -DSTM32L031xx -c -I../Core/Inc -I../Drivers/STM32L0xx_HAL_Driver/Inc -I../Drivers/STM32L0xx_HAL_Driver/Inc/Legacy -I../Drivers/CMSIS/Device/ST/STM32L0xx/Include -I../Drivers/CMSIS/Include -O0 -ffunction-sections -fdata-sections -Wall -fstack-usage -fcyclomatic-complexity -MMD -MP -MF"Drivers/STM32L0xx_HAL_Driver/Src/stm32l0xx_hal_cortex.d" -MT"Drivers/STM32L0xx_HAL_Driver/Src/stm32l0xx_hal_cortex.o" --specs=nano.specs -mfloat-abi=soft -mthumb -o "Drivers/STM32L0xx_HAL_Driver/Src/stm32l0xx_hal_cortex.o"
arm-none-eabi-gcc "../Drivers/STM32L0xx_HAL_Driver/Src/stm32l0xx_hal_dma.c" -mcpu=cortex-m0plus -std=gnu11 -g3 -DDEBUG -DUSE_HAL_DRIVER -DSTM32L031xx -c -I../Core/Inc -I../Drivers/STM32L0xx_HAL_Driver/Inc -I../Drivers/STM32L0xx_HAL_Driver/Inc/Legacy -I../Drivers/CMSIS/Device/ST/STM32L0xx/Include -I../Drivers/CMSIS/Include -O0 -ffunction-sections -fdata-sections -Wall -fstack-usage -fcyclomatic-complexity -MMD -MP -MF"Drivers/STM32L0xx_HAL_Driver/Src/stm32l0xx_hal_dma.d" -MT"Drivers/STM32L0xx_HAL_Driver/Src/stm32l0xx_hal_dma.o" --specs=nano.specs -mfloat-abi=soft -mthumb -o "Drivers/STM32L0xx_HAL_Driver/Src/stm32l0xx_hal_dma.o"
arm-none-eabi-gcc "../Drivers/STM32L0xx_HAL_Driver/Src/stm32l0xx_hal_exti.c" -mcpu=cortex-m0plus -std=gnu11 -g3 -DDEBUG -DUSE_HAL_DRIVER -DSTM32L031xx -c -I../Core/Inc -I../Drivers/STM32L0xx_HAL_Driver/Inc -I../Drivers/STM32L0xx_HAL_Driver/Inc/Legacy -I../Drivers/CMSIS/Device/ST/STM32L0xx/Include -I../Drivers/CMSIS/Include -O0 -ffunction-sections -fdata-sections -Wall -fstack-usage -fcyclomatic-complexity -MMD -MP -MF"Drivers/STM32L0xx_HAL_Driver/Src/stm32l0xx_hal_exti.d" -MT"Drivers/STM32L0xx_HAL_Driver/Src/stm32l0xx_hal_exti.o" --specs=nano.specs -mfloat-abi=soft -mthumb -o "Drivers/STM32L0xx_HAL_Driver/Src/stm32l0xx_hal_exti.o"
arm-none-eabi-gcc "../Drivers/STM32L0xx_HAL_Driver/Src/stm32l0xx_hal_flash.c" -mcpu=cortex-m0plus -std=gnu11 -g3 -DDEBUG -DUSE_HAL_DRIVER -DSTM32L031xx -c -I../Core/Inc -I../Drivers/STM32L0xx_HAL_Driver/Inc -I../Drivers/STM32L0xx_HAL_Driver/Inc/Legacy -I../Drivers/CMSIS/Device/ST/STM32L0xx/Include -I../Drivers/CMSIS/Include -O0 -ffunction-sections -fdata-sections -Wall -fstack-usage -fcyclomatic-complexity -MMD -MP -MF"Drivers/STM32L0xx_HAL_Driver/Src/stm32l0xx_hal_flash.d" -MT"Drivers/STM32L0xx_HAL_Driver/Src/stm32l0xx_hal_flash.o" --specs=nano.specs -mfloat-abi=soft -mthumb -o "Drivers/STM32L0xx_HAL_Driver/Src/stm32l0xx_hal_flash.o"
arm-none-eabi-gcc "../Drivers/STM32L0xx_HAL_Driver/Src/stm32l0xx_hal_flash_ex.c" -mcpu=cortex-m0plus -std=gnu11 -g3 -DDEBUG -DUSE_HAL_DRIVER -DSTM32L031xx -c -I../Core/Inc -I../Drivers/STM32L0xx_HAL_Driver/Inc -I../Drivers/STM32L0xx_HAL_Driver/Inc/Legacy -I../Drivers/CMSIS/Device/ST/STM32L0xx/Include -I../Drivers/CMSIS/Include -O0 -ffunction-sections -fdata-sections -Wall -fstack-usage -fcyclomatic-complexity -MMD -MP -MF"Drivers/STM32L0xx_HAL_Driver/Src/stm32l0xx_hal_flash_ex.d" -MT"Drivers/STM32L0xx_HAL_Driver/Src/stm32l0xx_hal_flash_ex.o" --specs=nano.specs -mfloat-abi=soft -mthumb -o "Drivers/STM32L0xx_HAL_Driver/Src/stm32l0xx_hal_flash_ex.o"
arm-none-eabi-gcc "../Drivers/STM32L0xx_HAL_Driver/Src/stm32l0xx_hal_flash_ramfunc.c" -mcpu=cortex-m0plus -std=gnu11 -g3 -DDEBUG -DUSE_HAL_DRIVER -DSTM32L031xx -c -I../Core/Inc -I../Drivers/STM32L0xx_HAL_Driver/Inc -I../Drivers/STM32L0xx_HAL_Driver/Inc/Legacy -I../Drivers/CMSIS/Device/ST/STM32L0xx/Include -I../Drivers/CMSIS/Include -O0 -ffunction-sections -fdata-sections -Wall -fstack-usage -fcyclomatic-complexity -MMD -MP -MF"Drivers/STM32L0xx_HAL_Driver/Src/stm32l0xx_hal_flash_ramfunc.d" -MT"Drivers/STM32L0xx_HAL_Driver/Src/stm32l0xx_hal_flash_ramfunc.o" --specs=nano.specs -mfloat-abi=soft -mthumb -o "Drivers/STM32L0xx_HAL_Driver/Src/stm32l0xx_hal_flash_ramfunc.o"
arm-none-eabi-gcc "../Drivers/STM32L0xx_HAL_Driver/Src/stm32l0xx_hal_gpio.c" -mcpu=cortex-m0plus -std=gnu11 -g3 -DDEBUG -DUSE_HAL_DRIVER -DSTM32L031xx -c -I../Core/Inc -I../Drivers/STM32L0xx_HAL_Driver/Inc -I../Drivers/STM32L0xx_HAL_Driver/Inc/Legacy -I../Drivers/CMSIS/Device/ST/STM32L0xx/Include -I../Drivers/CMSIS/Include -O0 -ffunction-sections -fdata-sections -Wall -fstack-usage -fcyclomatic-complexity -MMD -MP -MF"Drivers/STM32L0xx_HAL_Driver/Src/stm32l0xx_hal_gpio.d" -MT"Drivers/STM32L0xx_HAL_Driver/Src/stm32l0xx_hal_gpio.o" --specs=nano.specs -mfloat-abi=soft -mthumb -o "Drivers/STM32L0xx_HAL_Driver/Src/stm32l0xx_hal_gpio.o"
arm-none-eabi-gcc "../Drivers/STM32L0xx_HAL_Driver/Src/stm32l0xx_hal_i2c.c" -mcpu=cortex-m0plus -std=gnu11 -g3 -DDEBUG -DUSE_HAL_DRIVER -DSTM32L031xx -c -I../Core/Inc -I../Drivers/STM32L0xx_HAL_Driver/Inc -I../Drivers/STM32L0xx_HAL_Driver/Inc/Legacy -I../Drivers/CMSIS/Device/ST/STM32L0xx/Include -I../Drivers/CMSIS/Include -O0 -ffunction-sections -fdata-sections -Wall -fstack-usage -fcyclomatic-complexity -MMD -MP -MF"Drivers/STM32L0xx_HAL_Driver/Src/stm32l0xx_hal_i2c.d" -MT"Drivers/STM32L0xx_HAL_Driver/Src/stm32l0xx_hal_i2c.o" --specs=nano.specs -mfloat-abi=soft -mthumb -o "Drivers/STM32L0xx_HAL_Driver/Src/stm32l0xx_hal_i2c.o"
arm-none-eabi-gcc "../Drivers/STM32L0xx_HAL_Driver/Src/stm32l0xx_hal_i2c_ex.c" -mcpu=cortex-m0plus -std=gnu11 -g3 -DDEBUG -DUSE_HAL_DRIVER -DSTM32L031xx -c -I../Core/Inc -I../Drivers/STM32L0xx_HAL_Driver/Inc -I../Drivers/STM32L0xx_HAL_Driver/Inc/Legacy -I../Drivers/CMSIS/Device/ST/STM32L0xx/Include -I../Drivers/CMSIS/Include -O0 -ffunction-sections -fdata-sections -Wall -fstack-usage -fcyclomatic-complexity -MMD -MP -MF"Drivers/STM32L0xx_HAL_Driver/Src/stm32l0xx_hal_i2c_ex.d" -MT"Drivers/STM32L0xx_HAL_Driver/Src/stm32l0xx_hal_i2c_ex.o" --specs=nano.specs -mfloat-abi=soft -mthumb -o "Drivers/STM32L0xx_HAL_Driver/Src/stm32l0xx_hal_i2c_ex.o"
arm-none-eabi-gcc "../Drivers/STM32L0xx_HAL_Driver/Src/stm32l0xx_hal_pwr.c" -mcpu=cortex-m0plus -std=gnu11 -g3 -DDEBUG -DUSE_HAL_DRIVER -DSTM32L031xx -c -I../Core/Inc -I../Drivers/STM32L0xx_HAL_Driver/Inc -I../Drivers/STM32L0xx_HAL_Driver/Inc/Legacy -I../Drivers/CMSIS/Device/ST/STM32L0xx/Include -I../Drivers/CMSIS/Include -O0 -ffunction-sections -fdata-sections -Wall -fstack-usage -fcyclomatic-complexity -MMD -MP -MF"Drivers/STM32L0xx_HAL_Driver/Src/stm32l0xx_hal_pwr.d" -MT"Drivers/STM32L0xx_HAL_Driver/Src/stm32l0xx_hal_pwr.o" --specs=nano.specs -mfloat-abi=soft -mthumb -o "Drivers/STM32L0xx_HAL_Driver/Src/stm32l0xx_hal_pwr.o"
arm-none-eabi-gcc "../Drivers/STM32L0xx_HAL_Driver/Src/stm32l0xx_hal_pwr_ex.c" -mcpu=cortex-m0plus -std=gnu11 -g3 -DDEBUG -DUSE_HAL_DRIVER -DSTM32L031xx -c -I../Core/Inc -I../Drivers/STM32L0xx_HAL_Driver/Inc -I../Drivers/STM32L0xx_HAL_Driver/Inc/Legacy -I../Drivers/CMSIS/Device/ST/STM32L0xx/Include -I../Drivers/CMSIS/Include -O0 -ffunction-sections -fdata-sections -Wall -fstack-usage -fcyclomatic-complexity -MMD -MP -MF"Drivers/STM32L0xx_HAL_Driver/Src/stm32l0xx_hal_pwr_ex.d" -MT"Drivers/STM32L0xx_HAL_Driver/Src/stm32l0xx_hal_pwr_ex.o" --specs=nano.specs -mfloat-abi=soft -mthumb -o "Drivers/STM32L0xx_HAL_Driver/Src/stm32l0xx_hal_pwr_ex.o"
arm-none-eabi-gcc "../Drivers/STM32L0xx_HAL_Driver/Src/stm32l0xx_hal_rcc.c" -mcpu=cortex-m0plus -std=gnu11 -g3 -DDEBUG -DUSE_HAL_DRIVER -DSTM32L031xx -c -I../Core/Inc -I../Drivers/STM32L0xx_HAL_Driver/Inc -I../Drivers/STM32L0xx_HAL_Driver/Inc/Legacy -I../Drivers/CMSIS/Device/ST/STM32L0xx/Include -I../Drivers/CMSIS/Include -O0 -ffunction-sections -fdata-sections -Wall -fstack-usage -fcyclomatic-complexity -MMD -MP -MF"Drivers/STM32L0xx_HAL_Driver/Src/stm32l0xx_hal_rcc.d" -MT"Drivers/STM32L0xx_HAL_Driver/Src/stm32l0xx_hal_rcc.o" --specs=nano.specs -mfloat-abi=soft -mthumb -o "Drivers/STM32L0xx_HAL_Driver/Src/stm32l0xx_hal_rcc.o"
arm-none-eabi-gcc "../Drivers/STM32L0xx_HAL_Driver/Src/stm32l0xx_hal_rcc_ex.c" -mcpu=cortex-m0plus -std=gnu11 -g3 -DDEBUG -DUSE_HAL_DRIVER -DSTM32L031xx -c -I../Core/Inc -I../Drivers/STM32L0xx_HAL_Driver/Inc -I../Drivers/STM32L0xx_HAL_Driver/Inc/Legacy -I../Drivers/CMSIS/Device/ST/STM32L0xx/Include -I../Drivers/CMSIS/Include -O0 -ffunction-sections -fdata-sections -Wall -fstack-usage -fcyclomatic-complexity -MMD -MP -MF"Drivers/STM32L0xx_HAL_Driver/Src/stm32l0xx_hal_rcc_ex.d" -MT"Drivers/STM32L0xx_HAL_Driver/Src/stm32l0xx_hal_rcc_ex.o" --specs=nano.specs -mfloat-abi=soft -mthumb -o "Drivers/STM32L0xx_HAL_Driver/Src/stm32l0xx_hal_rcc_ex.o"
arm-none-eabi-gcc "../Drivers/STM32L0xx_HAL_Driver/Src/stm32l0xx_hal_tim.c" -mcpu=cortex-m0plus -std=gnu11 -g3 -DDEBUG -DUSE_HAL_DRIVER -DSTM32L031xx -c -I../Core/Inc -I../Drivers/STM32L0xx_HAL_Driver/Inc -I../Drivers/STM32L0xx_HAL_Driver/Inc/Legacy -I../Drivers/CMSIS/Device/ST/STM32L0xx/Include -I../Drivers/CMSIS/Include -O0 -ffunction-sections -fdata-sections -Wall -fstack-usage -fcyclomatic-complexity -MMD -MP -MF"Drivers/STM32L0xx_HAL_Driver/Src/stm32l0xx_hal_tim.d" -MT"Drivers/STM32L0xx_HAL_Driver/Src/stm32l0xx_hal_tim.o" --specs=nano.specs -mfloat-abi=soft -mthumb -o "Drivers/STM32L0xx_HAL_Driver/Src/stm32l0xx_hal_tim.o"
arm-none-eabi-gcc "../Drivers/STM32L0xx_HAL_Driver/Src/stm32l0xx_hal_tim_ex.c" -mcpu=cortex-m0plus -std=gnu11 -g3 -DDEBUG -DUSE_HAL_DRIVER -DSTM32L031xx -c -I../Core/Inc -I../Drivers/STM32L0xx_HAL_Driver/Inc -I../Drivers/STM32L0xx_HAL_Driver/Inc/Legacy -I../Drivers/CMSIS/Device/ST/STM32L0xx/Include -I../Drivers/CMSIS/Include -O0 -ffunction-sections -fdata-sections -Wall -fstack-usage -fcyclomatic-complexity -MMD -MP -MF"Drivers/STM32L0xx_HAL_Driver/Src/stm32l0xx_hal_tim_ex.d" -MT"Drivers/STM32L0xx_HAL_Driver/Src/stm32l0xx_hal_tim_ex.o" --specs=nano.specs -mfloat-abi=soft -mthumb -o "Drivers/STM32L0xx_HAL_Driver/Src/stm32l0xx_hal_tim_ex.o"
arm-none-eabi-gcc "../Drivers/STM32L0xx_HAL_Driver/Src/stm32l0xx_hal_uart.c" -mcpu=cortex-m0plus -std=gnu11 -g3 -DDEBUG -DUSE_HAL_DRIVER -DSTM32L031xx -c -I../Core/Inc -I../Drivers/STM32L0xx_HAL_Driver/Inc -I../Drivers/STM32L0xx_HAL_Driver/Inc/Legacy -I../Drivers/CMSIS/Device/ST/STM32L0xx/Include -I../Drivers/CMSIS/Include -O0 -ffunction-sections -fdata-sections -Wall -fstack-usage -fcyclomatic-complexity -MMD -MP -MF"Drivers/STM32L0xx_HAL_Driver/Src/stm32l0xx_hal_uart.d" -MT"Drivers/STM32L0xx_HAL_Driver/Src/stm32l0xx_hal_uart.o" --specs=nano.specs -mfloat-abi=soft -mthumb -o "Drivers/STM32L0xx_HAL_Driver/Src/stm32l0xx_hal_uart.o"
arm-none-eabi-gcc "../Drivers/STM32L0xx_HAL_Driver/Src/stm32l0xx_hal_uart_ex.c" -mcpu=cortex-m0plus -std=gnu11 -g3 -DDEBUG -DUSE_HAL_DRIVER -DSTM32L031xx -c -I../Core/Inc -I../Drivers/STM32L0xx_HAL_Driver/Inc -I../Drivers/STM32L0xx_HAL_Driver/Inc/Legacy -I../Drivers/CMSIS/Device/ST/STM32L0xx/Include -I../Drivers/CMSIS/Include -O0 -ffunction-sections -fdata-sections -Wall -fstack-usage -fcyclomatic-complexity -MMD -MP -MF"Drivers/STM32L0xx_HAL_Driver/Src/stm32l0xx_hal_uart_ex.d" -MT"Drivers/STM32L0xx_HAL_Driver/Src/stm32l0xx_hal_uart_ex.o" --specs=nano.specs -mfloat-abi=soft -mthumb -o "Drivers/STM32L0xx_HAL_Driver/Src/stm32l0xx_hal_uart_ex.o"
arm-none-eabi-gcc -mcpu=cortex-m0plus -g3 -DDEBUG -c -x assembler-with-cpp -MMD -MP -MF"Core/Startup/startup_stm32l031k6tx.d" -MT"Core/Startup/startup_stm32l031k6tx.o" --specs=nano.specs -mfloat-abi=soft -mthumb -o "Core/Startup/startup_stm32l031k6tx.o" "../Core/Startup/startup_stm32l031k6tx.s"
arm-none-eabi-gcc "../Core/Src/main.c" -mcpu=cortex-m0plus -std=gnu11 -g3 -DDEBUG -DUSE_HAL_DRIVER -DSTM32L031xx -c -I../Core/Inc -I../Drivers/STM32L0xx_HAL_Driver/Inc -I../Drivers/STM32L0xx_HAL_Driver/Inc/Legacy -I../Drivers/CMSIS/Device/ST/STM32L0xx/Include -I../Drivers/CMSIS/Include -O0 -ffunction-sections -fdata-sections -Wall -fstack-usage -fcyclomatic-complexity -MMD -MP -MF"Core/Src/main.d" -MT"Core/Src/main.o" --specs=nano.specs -mfloat-abi=soft -mthumb -o "Core/Src/main.o"
arm-none-eabi-gcc "../Core/Src/stm32l0xx_hal_msp.c" -mcpu=cortex-m0plus -std=gnu11 -g3 -DDEBUG -DUSE_HAL_DRIVER -DSTM32L031xx -c -I../Core/Inc -I../Drivers/STM32L0xx_HAL_Driver/Inc -I../Drivers/STM32L0xx_HAL_Driver/Inc/Legacy -I../Drivers/CMSIS/Device/ST/STM32L0xx/Include -I../Drivers/CMSIS/Include -O0 -ffunction-sections -fdata-sections -Wall -fstack-usage -fcyclomatic-complexity -MMD -MP -MF"Core/Src/stm32l0xx_hal_msp.d" -MT"Core/Src/stm32l0xx_hal_msp.o" --specs=nano.specs -mfloat-abi=soft -mthumb -o "Core/Src/stm32l0xx_hal_msp.o"
arm-none-eabi-gcc "../Core/Src/stm32l0xx_it.c" -mcpu=cortex-m0plus -std=gnu11 -g3 -DDEBUG -DUSE_HAL_DRIVER -DSTM32L031xx -c -I../Core/Inc -I../Drivers/STM32L0xx_HAL_Driver/Inc -I../Drivers/STM32L0xx_HAL_Driver/Inc/Legacy -I../Drivers/CMSIS/Device/ST/STM32L0xx/Include -I../Drivers/CMSIS/Include -O0 -ffunction-sections -fdata-sections -Wall -fstack-usage -fcyclomatic-complexity -MMD -MP -MF"Core/Src/stm32l0xx_it.d" -MT"Core/Src/stm32l0xx_it.o" --specs=nano.specs -mfloat-abi=soft -mthumb -o "Core/Src/stm32l0xx_it.o"
arm-none-eabi-gcc "../Core/Src/syscalls.c" -mcpu=cortex-m0plus -std=gnu11 -g3 -DDEBUG -DUSE_HAL_DRIVER -DSTM32L031xx -c -I../Core/Inc -I../Drivers/STM32L0xx_HAL_Driver/Inc -I../Drivers/STM32L0xx_HAL_Driver/Inc/Legacy -I../Drivers/CMSIS/Device/ST/STM32L0xx/Include -I../Drivers/CMSIS/Include -O0 -ffunction-sections -fdata-sections -Wall -fstack-usage -fcyclomatic-complexity -MMD -MP -MF"Core/Src/syscalls.d" -MT"Core/Src/syscalls.o" --specs=nano.specs -mfloat-abi=soft -mthumb -o "Core/Src/syscalls.o"
arm-none-eabi-gcc "../Core/Src/sysmem.c" -mcpu=cortex-m0plus -std=gnu11 -g3 -DDEBUG -DUSE_HAL_DRIVER -DSTM32L031xx -c -I../Core/Inc -I../Drivers/STM32L0xx_HAL_Driver/Inc -I../Drivers/STM32L0xx_HAL_Driver/Inc/Legacy -I../Drivers/CMSIS/Device/ST/STM32L0xx/Include -I../Drivers/CMSIS/Include -O0 -ffunction-sections -fdata-sections -Wall -fstack-usage -fcyclomatic-complexity -MMD -MP -MF"Core/Src/sysmem.d" -MT"Core/Src/sysmem.o" --specs=nano.specs -mfloat-abi=soft -mthumb -o "Core/Src/sysmem.o"
arm-none-eabi-gcc "../Core/Src/system_stm32l0xx.c" -mcpu=cortex-m0plus -std=gnu11 -g3 -DDEBUG -DUSE_HAL_DRIVER -DSTM32L031xx -c -I../Core/Inc -I../Drivers/STM32L0xx_HAL_Driver/Inc -I../Drivers/STM32L0xx_HAL_Driver/Inc/Legacy -I../Drivers/CMSIS/Device/ST/STM32L0xx/Include -I../Drivers/CMSIS/Include -O0 -ffunction-sections -fdata-sections -Wall -fstack-usage -fcyclomatic-complexity -MMD -MP -MF"Core/Src/system_stm32l0xx.d" -MT"Core/Src/system_stm32l0xx.o" --specs=nano.specs -mfloat-abi=soft -mthumb -o "Core/Src/system_stm32l0xx.o"
arm-none-eabi-gcc -o "ATAT Walker.elf" @"objects.list"   -mcpu=cortex-m0plus -T"C:\Users\jcasino2\Downloads\ATAT Walker\ATAT Walker\STM32L031K6TX_FLASH.ld" --specs=nosys.specs -Wl,-Map="ATAT Walker.map" -Wl,--gc-sections -static --specs=nano.specs -mfloat-abi=soft -mthumb -Wl,--start-group -lc -lm -Wl,--end-group
Finished building target: ATAT Walker.elf
 
arm-none-eabi-size  ATAT\ Walker.elf 
arm-none-eabi-objdump -h -S ATAT\ Walker.elf  > "ATAT Walker.list"
   text	   data	    bss	    dec	    hex	filename
  24404	     28	   1804	  26236	   667c	ATAT Walker.elf
Finished building: default.size.stdout
 
Finished building: ATAT Walker.list
 
15:36:32 **** Incremental Build of configuration Debug for project ATAT Walker ****
make -j12 all 
arm-none-eabi-size  ATAT\ Walker.elf 
   text	   data	    bss	    dec	    hex	filename
  24404	     28	   1804	  26236	   667c	ATAT Walker.elf
Finished building: default.size.stdout
 
15:44:26 **** Incremental Build of configuration Debug for project ATAT Walker ****
make -j12 all 
arm-none-eabi-size  ATAT\ Walker.elf 
   text	   data	    bss	    dec	    hex	filename
  24404	     28	   1804	  26236	   667c	ATAT Walker.elf
Finished building: default.size.stdout
 
15:49:04 **** Incremental Build of configuration Debug for project ATAT Walker ****
make -j12 all 
arm-none-eabi-gcc "../Drivers/STM32L0xx_HAL_Driver/Src/stm32l0xx_hal.c" -mcpu=cortex-m0plus -std=gnu11 -g3 -DDEBUG -DUSE_HAL_DRIVER -DSTM32L031xx -c -I../Core/Inc -I../Drivers/STM32L0xx_HAL_Driver/Inc -I../Drivers/STM32L0xx_HAL_Driver/Inc/Legacy -I../Drivers/CMSIS/Device/ST/STM32L0xx/Include -I../Drivers/CMSIS/Include -O0 -ffunction-sections -fdata-sections -Wall -fstack-usage -fcyclomatic-complexity -MMD -MP -MF"Drivers/STM32L0xx_HAL_Driver/Src/stm32l0xx_hal.d" -MT"Drivers/STM32L0xx_HAL_Driver/Src/stm32l0xx_hal.o" --specs=nano.specs -mfloat-abi=soft -mthumb -o "Drivers/STM32L0xx_HAL_Driver/Src/stm32l0xx_hal.o"
arm-none-eabi-gcc "../Drivers/STM32L0xx_HAL_Driver/Src/stm32l0xx_hal_cortex.c" -mcpu=cortex-m0plus -std=gnu11 -g3 -DDEBUG -DUSE_HAL_DRIVER -DSTM32L031xx -c -I../Core/Inc -I../Drivers/STM32L0xx_HAL_Driver/Inc -I../Drivers/STM32L0xx_HAL_Driver/Inc/Legacy -I../Drivers/CMSIS/Device/ST/STM32L0xx/Include -I../Drivers/CMSIS/Include -O0 -ffunction-sections -fdata-sections -Wall -fstack-usage -fcyclomatic-complexity -MMD -MP -MF"Drivers/STM32L0xx_HAL_Driver/Src/stm32l0xx_hal_cortex.d" -MT"Drivers/STM32L0xx_HAL_Driver/Src/stm32l0xx_hal_cortex.o" --specs=nano.specs -mfloat-abi=soft -mthumb -o "Drivers/STM32L0xx_HAL_Driver/Src/stm32l0xx_hal_cortex.o"
arm-none-eabi-gcc "../Drivers/STM32L0xx_HAL_Driver/Src/stm32l0xx_hal_dma.c" -mcpu=cortex-m0plus -std=gnu11 -g3 -DDEBUG -DUSE_HAL_DRIVER -DSTM32L031xx -c -I../Core/Inc -I../Drivers/STM32L0xx_HAL_Driver/Inc -I../Drivers/STM32L0xx_HAL_Driver/Inc/Legacy -I../Drivers/CMSIS/Device/ST/STM32L0xx/Include -I../Drivers/CMSIS/Include -O0 -ffunction-sections -fdata-sections -Wall -fstack-usage -fcyclomatic-complexity -MMD -MP -MF"Drivers/STM32L0xx_HAL_Driver/Src/stm32l0xx_hal_dma.d" -MT"Drivers/STM32L0xx_HAL_Driver/Src/stm32l0xx_hal_dma.o" --specs=nano.specs -mfloat-abi=soft -mthumb -o "Drivers/STM32L0xx_HAL_Driver/Src/stm32l0xx_hal_dma.o"
arm-none-eabi-gcc "../Drivers/STM32L0xx_HAL_Driver/Src/stm32l0xx_hal_exti.c" -mcpu=cortex-m0plus -std=gnu11 -g3 -DDEBUG -DUSE_HAL_DRIVER -DSTM32L031xx -c -I../Core/Inc -I../Drivers/STM32L0xx_HAL_Driver/Inc -I../Drivers/STM32L0xx_HAL_Driver/Inc/Legacy -I../Drivers/CMSIS/Device/ST/STM32L0xx/Include -I../Drivers/CMSIS/Include -O0 -ffunction-sections -fdata-sections -Wall -fstack-usage -fcyclomatic-complexity -MMD -MP -MF"Drivers/STM32L0xx_HAL_Driver/Src/stm32l0xx_hal_exti.d" -MT"Drivers/STM32L0xx_HAL_Driver/Src/stm32l0xx_hal_exti.o" --specs=nano.specs -mfloat-abi=soft -mthumb -o "Drivers/STM32L0xx_HAL_Driver/Src/stm32l0xx_hal_exti.o"
arm-none-eabi-gcc "../Drivers/STM32L0xx_HAL_Driver/Src/stm32l0xx_hal_flash.c" -mcpu=cortex-m0plus -std=gnu11 -g3 -DDEBUG -DUSE_HAL_DRIVER -DSTM32L031xx -c -I../Core/Inc -I../Drivers/STM32L0xx_HAL_Driver/Inc -I../Drivers/STM32L0xx_HAL_Driver/Inc/Legacy -I../Drivers/CMSIS/Device/ST/STM32L0xx/Include -I../Drivers/CMSIS/Include -O0 -ffunction-sections -fdata-sections -Wall -fstack-usage -fcyclomatic-complexity -MMD -MP -MF"Drivers/STM32L0xx_HAL_Driver/Src/stm32l0xx_hal_flash.d" -MT"Drivers/STM32L0xx_HAL_Driver/Src/stm32l0xx_hal_flash.o" --specs=nano.specs -mfloat-abi=soft -mthumb -o "Drivers/STM32L0xx_HAL_Driver/Src/stm32l0xx_hal_flash.o"
arm-none-eabi-gcc "../Drivers/STM32L0xx_HAL_Driver/Src/stm32l0xx_hal_flash_ex.c" -mcpu=cortex-m0plus -std=gnu11 -g3 -DDEBUG -DUSE_HAL_DRIVER -DSTM32L031xx -c -I../Core/Inc -I../Drivers/STM32L0xx_HAL_Driver/Inc -I../Drivers/STM32L0xx_HAL_Driver/Inc/Legacy -I../Drivers/CMSIS/Device/ST/STM32L0xx/Include -I../Drivers/CMSIS/Include -O0 -ffunction-sections -fdata-sections -Wall -fstack-usage -fcyclomatic-complexity -MMD -MP -MF"Drivers/STM32L0xx_HAL_Driver/Src/stm32l0xx_hal_flash_ex.d" -MT"Drivers/STM32L0xx_HAL_Driver/Src/stm32l0xx_hal_flash_ex.o" --specs=nano.specs -mfloat-abi=soft -mthumb -o "Drivers/STM32L0xx_HAL_Driver/Src/stm32l0xx_hal_flash_ex.o"
arm-none-eabi-gcc "../Drivers/STM32L0xx_HAL_Driver/Src/stm32l0xx_hal_flash_ramfunc.c" -mcpu=cortex-m0plus -std=gnu11 -g3 -DDEBUG -DUSE_HAL_DRIVER -DSTM32L031xx -c -I../Core/Inc -I../Drivers/STM32L0xx_HAL_Driver/Inc -I../Drivers/STM32L0xx_HAL_Driver/Inc/Legacy -I../Drivers/CMSIS/Device/ST/STM32L0xx/Include -I../Drivers/CMSIS/Include -O0 -ffunction-sections -fdata-sections -Wall -fstack-usage -fcyclomatic-complexity -MMD -MP -MF"Drivers/STM32L0xx_HAL_Driver/Src/stm32l0xx_hal_flash_ramfunc.d" -MT"Drivers/STM32L0xx_HAL_Driver/Src/stm32l0xx_hal_flash_ramfunc.o" --specs=nano.specs -mfloat-abi=soft -mthumb -o "Drivers/STM32L0xx_HAL_Driver/Src/stm32l0xx_hal_flash_ramfunc.o"
arm-none-eabi-gcc "../Drivers/STM32L0xx_HAL_Driver/Src/stm32l0xx_hal_gpio.c" -mcpu=cortex-m0plus -std=gnu11 -g3 -DDEBUG -DUSE_HAL_DRIVER -DSTM32L031xx -c -I../Core/Inc -I../Drivers/STM32L0xx_HAL_Driver/Inc -I../Drivers/STM32L0xx_HAL_Driver/Inc/Legacy -I../Drivers/CMSIS/Device/ST/STM32L0xx/Include -I../Drivers/CMSIS/Include -O0 -ffunction-sections -fdata-sections -Wall -fstack-usage -fcyclomatic-complexity -MMD -MP -MF"Drivers/STM32L0xx_HAL_Driver/Src/stm32l0xx_hal_gpio.d" -MT"Drivers/STM32L0xx_HAL_Driver/Src/stm32l0xx_hal_gpio.o" --specs=nano.specs -mfloat-abi=soft -mthumb -o "Drivers/STM32L0xx_HAL_Driver/Src/stm32l0xx_hal_gpio.o"
arm-none-eabi-gcc "../Drivers/STM32L0xx_HAL_Driver/Src/stm32l0xx_hal_i2c.c" -mcpu=cortex-m0plus -std=gnu11 -g3 -DDEBUG -DUSE_HAL_DRIVER -DSTM32L031xx -c -I../Core/Inc -I../Drivers/STM32L0xx_HAL_Driver/Inc -I../Drivers/STM32L0xx_HAL_Driver/Inc/Legacy -I../Drivers/CMSIS/Device/ST/STM32L0xx/Include -I../Drivers/CMSIS/Include -O0 -ffunction-sections -fdata-sections -Wall -fstack-usage -fcyclomatic-complexity -MMD -MP -MF"Drivers/STM32L0xx_HAL_Driver/Src/stm32l0xx_hal_i2c.d" -MT"Drivers/STM32L0xx_HAL_Driver/Src/stm32l0xx_hal_i2c.o" --specs=nano.specs -mfloat-abi=soft -mthumb -o "Drivers/STM32L0xx_HAL_Driver/Src/stm32l0xx_hal_i2c.o"
arm-none-eabi-gcc "../Drivers/STM32L0xx_HAL_Driver/Src/stm32l0xx_hal_i2c_ex.c" -mcpu=cortex-m0plus -std=gnu11 -g3 -DDEBUG -DUSE_HAL_DRIVER -DSTM32L031xx -c -I../Core/Inc -I../Drivers/STM32L0xx_HAL_Driver/Inc -I../Drivers/STM32L0xx_HAL_Driver/Inc/Legacy -I../Drivers/CMSIS/Device/ST/STM32L0xx/Include -I../Drivers/CMSIS/Include -O0 -ffunction-sections -fdata-sections -Wall -fstack-usage -fcyclomatic-complexity -MMD -MP -MF"Drivers/STM32L0xx_HAL_Driver/Src/stm32l0xx_hal_i2c_ex.d" -MT"Drivers/STM32L0xx_HAL_Driver/Src/stm32l0xx_hal_i2c_ex.o" --specs=nano.specs -mfloat-abi=soft -mthumb -o "Drivers/STM32L0xx_HAL_Driver/Src/stm32l0xx_hal_i2c_ex.o"
arm-none-eabi-gcc "../Drivers/STM32L0xx_HAL_Driver/Src/stm32l0xx_hal_pwr.c" -mcpu=cortex-m0plus -std=gnu11 -g3 -DDEBUG -DUSE_HAL_DRIVER -DSTM32L031xx -c -I../Core/Inc -I../Drivers/STM32L0xx_HAL_Driver/Inc -I../Drivers/STM32L0xx_HAL_Driver/Inc/Legacy -I../Drivers/CMSIS/Device/ST/STM32L0xx/Include -I../Drivers/CMSIS/Include -O0 -ffunction-sections -fdata-sections -Wall -fstack-usage -fcyclomatic-complexity -MMD -MP -MF"Drivers/STM32L0xx_HAL_Driver/Src/stm32l0xx_hal_pwr.d" -MT"Drivers/STM32L0xx_HAL_Driver/Src/stm32l0xx_hal_pwr.o" --specs=nano.specs -mfloat-abi=soft -mthumb -o "Drivers/STM32L0xx_HAL_Driver/Src/stm32l0xx_hal_pwr.o"
arm-none-eabi-gcc "../Drivers/STM32L0xx_HAL_Driver/Src/stm32l0xx_hal_pwr_ex.c" -mcpu=cortex-m0plus -std=gnu11 -g3 -DDEBUG -DUSE_HAL_DRIVER -DSTM32L031xx -c -I../Core/Inc -I../Drivers/STM32L0xx_HAL_Driver/Inc -I../Drivers/STM32L0xx_HAL_Driver/Inc/Legacy -I../Drivers/CMSIS/Device/ST/STM32L0xx/Include -I../Drivers/CMSIS/Include -O0 -ffunction-sections -fdata-sections -Wall -fstack-usage -fcyclomatic-complexity -MMD -MP -MF"Drivers/STM32L0xx_HAL_Driver/Src/stm32l0xx_hal_pwr_ex.d" -MT"Drivers/STM32L0xx_HAL_Driver/Src/stm32l0xx_hal_pwr_ex.o" --specs=nano.specs -mfloat-abi=soft -mthumb -o "Drivers/STM32L0xx_HAL_Driver/Src/stm32l0xx_hal_pwr_ex.o"
arm-none-eabi-gcc "../Drivers/STM32L0xx_HAL_Driver/Src/stm32l0xx_hal_rcc.c" -mcpu=cortex-m0plus -std=gnu11 -g3 -DDEBUG -DUSE_HAL_DRIVER -DSTM32L031xx -c -I../Core/Inc -I../Drivers/STM32L0xx_HAL_Driver/Inc -I../Drivers/STM32L0xx_HAL_Driver/Inc/Legacy -I../Drivers/CMSIS/Device/ST/STM32L0xx/Include -I../Drivers/CMSIS/Include -O0 -ffunction-sections -fdata-sections -Wall -fstack-usage -fcyclomatic-complexity -MMD -MP -MF"Drivers/STM32L0xx_HAL_Driver/Src/stm32l0xx_hal_rcc.d" -MT"Drivers/STM32L0xx_HAL_Driver/Src/stm32l0xx_hal_rcc.o" --specs=nano.specs -mfloat-abi=soft -mthumb -o "Drivers/STM32L0xx_HAL_Driver/Src/stm32l0xx_hal_rcc.o"
arm-none-eabi-gcc "../Drivers/STM32L0xx_HAL_Driver/Src/stm32l0xx_hal_rcc_ex.c" -mcpu=cortex-m0plus -std=gnu11 -g3 -DDEBUG -DUSE_HAL_DRIVER -DSTM32L031xx -c -I../Core/Inc -I../Drivers/STM32L0xx_HAL_Driver/Inc -I../Drivers/STM32L0xx_HAL_Driver/Inc/Legacy -I../Drivers/CMSIS/Device/ST/STM32L0xx/Include -I../Drivers/CMSIS/Include -O0 -ffunction-sections -fdata-sections -Wall -fstack-usage -fcyclomatic-complexity -MMD -MP -MF"Drivers/STM32L0xx_HAL_Driver/Src/stm32l0xx_hal_rcc_ex.d" -MT"Drivers/STM32L0xx_HAL_Driver/Src/stm32l0xx_hal_rcc_ex.o" --specs=nano.specs -mfloat-abi=soft -mthumb -o "Drivers/STM32L0xx_HAL_Driver/Src/stm32l0xx_hal_rcc_ex.o"
arm-none-eabi-gcc "../Drivers/STM32L0xx_HAL_Driver/Src/stm32l0xx_hal_tim.c" -mcpu=cortex-m0plus -std=gnu11 -g3 -DDEBUG -DUSE_HAL_DRIVER -DSTM32L031xx -c -I../Core/Inc -I../Drivers/STM32L0xx_HAL_Driver/Inc -I../Drivers/STM32L0xx_HAL_Driver/Inc/Legacy -I../Drivers/CMSIS/Device/ST/STM32L0xx/Include -I../Drivers/CMSIS/Include -O0 -ffunction-sections -fdata-sections -Wall -fstack-usage -fcyclomatic-complexity -MMD -MP -MF"Drivers/STM32L0xx_HAL_Driver/Src/stm32l0xx_hal_tim.d" -MT"Drivers/STM32L0xx_HAL_Driver/Src/stm32l0xx_hal_tim.o" --specs=nano.specs -mfloat-abi=soft -mthumb -o "Drivers/STM32L0xx_HAL_Driver/Src/stm32l0xx_hal_tim.o"
arm-none-eabi-gcc "../Drivers/STM32L0xx_HAL_Driver/Src/stm32l0xx_hal_tim_ex.c" -mcpu=cortex-m0plus -std=gnu11 -g3 -DDEBUG -DUSE_HAL_DRIVER -DSTM32L031xx -c -I../Core/Inc -I../Drivers/STM32L0xx_HAL_Driver/Inc -I../Drivers/STM32L0xx_HAL_Driver/Inc/Legacy -I../Drivers/CMSIS/Device/ST/STM32L0xx/Include -I../Drivers/CMSIS/Include -O0 -ffunction-sections -fdata-sections -Wall -fstack-usage -fcyclomatic-complexity -MMD -MP -MF"Drivers/STM32L0xx_HAL_Driver/Src/stm32l0xx_hal_tim_ex.d" -MT"Drivers/STM32L0xx_HAL_Driver/Src/stm32l0xx_hal_tim_ex.o" --specs=nano.specs -mfloat-abi=soft -mthumb -o "Drivers/STM32L0xx_HAL_Driver/Src/stm32l0xx_hal_tim_ex.o"
arm-none-eabi-gcc "../Drivers/STM32L0xx_HAL_Driver/Src/stm32l0xx_hal_uart.c" -mcpu=cortex-m0plus -std=gnu11 -g3 -DDEBUG -DUSE_HAL_DRIVER -DSTM32L031xx -c -I../Core/Inc -I../Drivers/STM32L0xx_HAL_Driver/Inc -I../Drivers/STM32L0xx_HAL_Driver/Inc/Legacy -I../Drivers/CMSIS/Device/ST/STM32L0xx/Include -I../Drivers/CMSIS/Include -O0 -ffunction-sections -fdata-sections -Wall -fstack-usage -fcyclomatic-complexity -MMD -MP -MF"Drivers/STM32L0xx_HAL_Driver/Src/stm32l0xx_hal_uart.d" -MT"Drivers/STM32L0xx_HAL_Driver/Src/stm32l0xx_hal_uart.o" --specs=nano.specs -mfloat-abi=soft -mthumb -o "Drivers/STM32L0xx_HAL_Driver/Src/stm32l0xx_hal_uart.o"
arm-none-eabi-gcc "../Drivers/STM32L0xx_HAL_Driver/Src/stm32l0xx_hal_uart_ex.c" -mcpu=cortex-m0plus -std=gnu11 -g3 -DDEBUG -DUSE_HAL_DRIVER -DSTM32L031xx -c -I../Core/Inc -I../Drivers/STM32L0xx_HAL_Driver/Inc -I../Drivers/STM32L0xx_HAL_Driver/Inc/Legacy -I../Drivers/CMSIS/Device/ST/STM32L0xx/Include -I../Drivers/CMSIS/Include -O0 -ffunction-sections -fdata-sections -Wall -fstack-usage -fcyclomatic-complexity -MMD -MP -MF"Drivers/STM32L0xx_HAL_Driver/Src/stm32l0xx_hal_uart_ex.d" -MT"Drivers/STM32L0xx_HAL_Driver/Src/stm32l0xx_hal_uart_ex.o" --specs=nano.specs -mfloat-abi=soft -mthumb -o "Drivers/STM32L0xx_HAL_Driver/Src/stm32l0xx_hal_uart_ex.o"
arm-none-eabi-gcc "../Core/Src/main.c" -mcpu=cortex-m0plus -std=gnu11 -g3 -DDEBUG -DUSE_HAL_DRIVER -DSTM32L031xx -c -I../Core/Inc -I../Drivers/STM32L0xx_HAL_Driver/Inc -I../Drivers/STM32L0xx_HAL_Driver/Inc/Legacy -I../Drivers/CMSIS/Device/ST/STM32L0xx/Include -I../Drivers/CMSIS/Include -O0 -ffunction-sections -fdata-sections -Wall -fstack-usage -fcyclomatic-complexity -MMD -MP -MF"Core/Src/main.d" -MT"Core/Src/main.o" --specs=nano.specs -mfloat-abi=soft -mthumb -o "Core/Src/main.o"
arm-none-eabi-gcc "../Core/Src/stm32l0xx_hal_msp.c" -mcpu=cortex-m0plus -std=gnu11 -g3 -DDEBUG -DUSE_HAL_DRIVER -DSTM32L031xx -c -I../Core/Inc -I../Drivers/STM32L0xx_HAL_Driver/Inc -I../Drivers/STM32L0xx_HAL_Driver/Inc/Legacy -I../Drivers/CMSIS/Device/ST/STM32L0xx/Include -I../Drivers/CMSIS/Include -O0 -ffunction-sections -fdata-sections -Wall -fstack-usage -fcyclomatic-complexity -MMD -MP -MF"Core/Src/stm32l0xx_hal_msp.d" -MT"Core/Src/stm32l0xx_hal_msp.o" --specs=nano.specs -mfloat-abi=soft -mthumb -o "Core/Src/stm32l0xx_hal_msp.o"
arm-none-eabi-gcc "../Core/Src/stm32l0xx_it.c" -mcpu=cortex-m0plus -std=gnu11 -g3 -DDEBUG -DUSE_HAL_DRIVER -DSTM32L031xx -c -I../Core/Inc -I../Drivers/STM32L0xx_HAL_Driver/Inc -I../Drivers/STM32L0xx_HAL_Driver/Inc/Legacy -I../Drivers/CMSIS/Device/ST/STM32L0xx/Include -I../Drivers/CMSIS/Include -O0 -ffunction-sections -fdata-sections -Wall -fstack-usage -fcyclomatic-complexity -MMD -MP -MF"Core/Src/stm32l0xx_it.d" -MT"Core/Src/stm32l0xx_it.o" --specs=nano.specs -mfloat-abi=soft -mthumb -o "Core/Src/stm32l0xx_it.o"
arm-none-eabi-gcc "../Core/Src/system_stm32l0xx.c" -mcpu=cortex-m0plus -std=gnu11 -g3 -DDEBUG -DUSE_HAL_DRIVER -DSTM32L031xx -c -I../Core/Inc -I../Drivers/STM32L0xx_HAL_Driver/Inc -I../Drivers/STM32L0xx_HAL_Driver/Inc/Legacy -I../Drivers/CMSIS/Device/ST/STM32L0xx/Include -I../Drivers/CMSIS/Include -O0 -ffunction-sections -fdata-sections -Wall -fstack-usage -fcyclomatic-complexity -MMD -MP -MF"Core/Src/system_stm32l0xx.d" -MT"Core/Src/system_stm32l0xx.o" --specs=nano.specs -mfloat-abi=soft -mthumb -o "Core/Src/system_stm32l0xx.o"
arm-none-eabi-gcc -o "ATAT Walker.elf" @"objects.list"   -mcpu=cortex-m0plus -T"C:\Users\jcasino2\Downloads\ATAT Walker\ATAT Walker\STM32L031K6TX_FLASH.ld" --specs=nosys.specs -Wl,-Map="ATAT Walker.map" -Wl,--gc-sections -static --specs=nano.specs -mfloat-abi=soft -mthumb -Wl,--start-group -lc -lm -Wl,--end-group
Finished building target: ATAT Walker.elf
 
arm-none-eabi-size  ATAT\ Walker.elf 
arm-none-eabi-objdump -h -S ATAT\ Walker.elf  > "ATAT Walker.list"
   text	   data	    bss	    dec	    hex	filename
  24448	     28	   1804	  26280	   66a8	ATAT Walker.elf
Finished building: default.size.stdout
 
Finished building: ATAT Walker.list
 
15:49:14 **** Incremental Build of configuration Debug for project ATAT Walker ****
make -j12 all 
arm-none-eabi-size  ATAT\ Walker.elf 
   text	   data	    bss	    dec	    hex	filename
  24448	     28	   1804	  26280	   66a8	ATAT Walker.elf
Finished building: default.size.stdout
 
15:50:11 **** Incremental Build of configuration Debug for project ATAT Walker ****
make -j12 all 
arm-none-eabi-size  ATAT\ Walker.elf 
   text	   data	    bss	    dec	    hex	filename
  24448	     28	   1804	  26280	   66a8	ATAT Walker.elf
Finished building: default.size.stdout
 
15:50:19 **** Incremental Build of configuration Debug for project ATAT Walker ****
make -j12 all 
arm-none-eabi-size  ATAT\ Walker.elf 
   text	   data	    bss	    dec	    hex	filename
  24448	     28	   1804	  26280	   66a8	ATAT Walker.elf
Finished building: default.size.stdout
 
15:56:40 **** Incremental Build of configuration Debug for project ATAT Walker ****
make -j12 all 
arm-none-eabi-gcc "../Core/Src/main.c" -mcpu=cortex-m0plus -std=gnu11 -g3 -DDEBUG -DUSE_HAL_DRIVER -DSTM32L031xx -c -I../Core/Inc -I../Drivers/STM32L0xx_HAL_Driver/Inc -I../Drivers/STM32L0xx_HAL_Driver/Inc/Legacy -I../Drivers/CMSIS/Device/ST/STM32L0xx/Include -I../Drivers/CMSIS/Include -O0 -ffunction-sections -fdata-sections -Wall -fstack-usage -fcyclomatic-complexity -MMD -MP -MF"Core/Src/main.d" -MT"Core/Src/main.o" --specs=nano.specs -mfloat-abi=soft -mthumb -o "Core/Src/main.o"
arm-none-eabi-gcc -o "ATAT Walker.elf" @"objects.list"   -mcpu=cortex-m0plus -T"C:\Users\jcasino2\Downloads\ATAT Walker\ATAT Walker\STM32L031K6TX_FLASH.ld" --specs=nosys.specs -Wl,-Map="ATAT Walker.map" -Wl,--gc-sections -static --specs=nano.specs -mfloat-abi=soft -mthumb -Wl,--start-group -lc -lm -Wl,--end-group
Finished building target: ATAT Walker.elf
 
arm-none-eabi-size  ATAT\ Walker.elf 
arm-none-eabi-objdump -h -S ATAT\ Walker.elf  > "ATAT Walker.list"
   text	   data	    bss	    dec	    hex	filename
  14360	     12	   1772	  16144	   3f10	ATAT Walker.elf
Finished building: default.size.stdout
 
Finished building: ATAT Walker.list
 
15:56:46 **** Incremental Build of configuration Debug for project ATAT Walker ****
make -j12 all 
arm-none-eabi-size  ATAT\ Walker.elf 
   text	   data	    bss	    dec	    hex	filename
  14360	     12	   1772	  16144	   3f10	ATAT Walker.elf
Finished building: default.size.stdout
 
15:56:54 **** Incremental Build of configuration Debug for project ATAT Walker ****
make -j12 all 
arm-none-eabi-size  ATAT\ Walker.elf 
   text	   data	    bss	    dec	    hex	filename
  14360	     12	   1772	  16144	   3f10	ATAT Walker.elf
Finished building: default.size.stdout
 
15:57:02 **** Incremental Build of configuration Debug for project ATAT Walker ****
make -j12 all 
arm-none-eabi-size  ATAT\ Walker.elf 
   text	   data	    bss	    dec	    hex	filename
  14360	     12	   1772	  16144	   3f10	ATAT Walker.elf
Finished building: default.size.stdout
 
15:57:19 **** Incremental Build of configuration Debug for project ATAT Walker ****
make -j12 all 
arm-none-eabi-size  ATAT\ Walker.elf 
   text	   data	    bss	    dec	    hex	filename
  14360	     12	   1772	  16144	   3f10	ATAT Walker.elf
Finished building: default.size.stdout
 
16:04:38 **** Incremental Build of configuration Debug for project ATAT Walker ****
make -j12 all 
arm-none-eabi-size  ATAT\ Walker.elf 
   text	   data	    bss	    dec	    hex	filename
  14360	     12	   1772	  16144	   3f10	ATAT Walker.elf
Finished building: default.size.stdout
 
16:14:18 **** Incremental Build of configuration Debug for project ATAT Walker ****
make -j12 all 
arm-none-eabi-size  ATAT\ Walker.elf 
   text	   data	    bss	    dec	    hex	filename
  14360	     12	   1772	  16144	   3f10	ATAT Walker.elf
Finished building: default.size.stdout
 
16:21:14 **** Incremental Build of configuration Debug for project ATAT Walker ****
make -j12 all 
arm-none-eabi-size  ATAT\ Walker.elf 
   text	   data	    bss	    dec	    hex	filename
  14360	     12	   1772	  16144	   3f10	ATAT Walker.elf
Finished building: default.size.stdout
 
16:23:55 **** Incremental Build of configuration Debug for project ATAT Walker ****
make -j12 all 
arm-none-eabi-gcc "../Core/Src/main.c" -mcpu=cortex-m0plus -std=gnu11 -g3 -DDEBUG -DUSE_HAL_DRIVER -DSTM32L031xx -c -I../Core/Inc -I../Drivers/STM32L0xx_HAL_Driver/Inc -I../Drivers/STM32L0xx_HAL_Driver/Inc/Legacy -I../Drivers/CMSIS/Device/ST/STM32L0xx/Include -I../Drivers/CMSIS/Include -O0 -ffunction-sections -fdata-sections -Wall -fstack-usage -fcyclomatic-complexity -MMD -MP -MF"Core/Src/main.d" -MT"Core/Src/main.o" --specs=nano.specs -mfloat-abi=soft -mthumb -o "Core/Src/main.o"
arm-none-eabi-gcc -o "ATAT Walker.elf" @"objects.list"   -mcpu=cortex-m0plus -T"C:\Users\jcasino2\Downloads\ATAT Walker\ATAT Walker\STM32L031K6TX_FLASH.ld" --specs=nosys.specs -Wl,-Map="ATAT Walker.map" -Wl,--gc-sections -static --specs=nano.specs -mfloat-abi=soft -mthumb -Wl,--start-group -lc -lm -Wl,--end-group
Finished building target: ATAT Walker.elf
 
arm-none-eabi-size  ATAT\ Walker.elf 
arm-none-eabi-objdump -h -S ATAT\ Walker.elf  > "ATAT Walker.list"
   text	   data	    bss	    dec	    hex	filename
  24448	     28	   1804	  26280	   66a8	ATAT Walker.elf
Finished building: default.size.stdout
 
Finished building: ATAT Walker.list
 
21:18:26 **** Incremental Build of configuration Debug for project ATAT Walker ****
make -j12 all 
arm-none-eabi-size  ATAT\ Walker.elf 
   text	   data	    bss	    dec	    hex	filename
  24448	     28	   1804	  26280	   66a8	ATAT Walker.elf
Finished building: default.size.stdout
 
21:22:40 **** Incremental Build of configuration Debug for project ATAT Walker ****
make -j12 all 
arm-none-eabi-size  ATAT\ Walker.elf 
   text	   data	    bss	    dec	    hex	filename
  24448	     28	   1804	  26280	   66a8	ATAT Walker.elf
Finished building: default.size.stdout
 
21:36:52 **** Incremental Build of configuration Debug for project ATAT Walker ****
make -j12 all 
arm-none-eabi-gcc "../Core/Src/main.c" -mcpu=cortex-m0plus -std=gnu11 -g3 -DDEBUG -DUSE_HAL_DRIVER -DSTM32L031xx -c -I../Core/Inc -I../Drivers/STM32L0xx_HAL_Driver/Inc -I../Drivers/STM32L0xx_HAL_Driver/Inc/Legacy -I../Drivers/CMSIS/Device/ST/STM32L0xx/Include -I../Drivers/CMSIS/Include -O0 -ffunction-sections -fdata-sections -Wall -fstack-usage -fcyclomatic-complexity -MMD -MP -MF"Core/Src/main.d" -MT"Core/Src/main.o" --specs=nano.specs -mfloat-abi=soft -mthumb -o "Core/Src/main.o"
arm-none-eabi-gcc -o "ATAT Walker.elf" @"objects.list"   -mcpu=cortex-m0plus -T"C:\Users\jcasino2\Downloads\ATAT Walker\ATAT Walker\STM32L031K6TX_FLASH.ld" --specs=nosys.specs -Wl,-Map="ATAT Walker.map" -Wl,--gc-sections -static --specs=nano.specs -mfloat-abi=soft -mthumb -Wl,--start-group -lc -lm -Wl,--end-group
Finished building target: ATAT Walker.elf
 
arm-none-eabi-size  ATAT\ Walker.elf 
arm-none-eabi-objdump -h -S ATAT\ Walker.elf  > "ATAT Walker.list"
   text	   data	    bss	    dec	    hex	filename
  24448	     28	   1804	  26280	   66a8	ATAT Walker.elf
Finished building: default.size.stdout
 
Finished building: ATAT Walker.list
 
21:45:37 **** Incremental Build of configuration Debug for project ATAT Walker ****
make -j12 all 
arm-none-eabi-size  ATAT\ Walker.elf 
   text	   data	    bss	    dec	    hex	filename
  24448	     28	   1804	  26280	   66a8	ATAT Walker.elf
Finished building: default.size.stdout
 
21:56:36 **** Incremental Build of configuration Debug for project ATAT Walker ****
make -j12 all 
arm-none-eabi-size  ATAT\ Walker.elf 
   text	   data	    bss	    dec	    hex	filename
  24448	     28	   1804	  26280	   66a8	ATAT Walker.elf
Finished building: default.size.stdout
 
21:58:08 **** Incremental Build of configuration Debug for project ATAT Walker ****
make -j12 all 
arm-none-eabi-size  ATAT\ Walker.elf 
   text	   data	    bss	    dec	    hex	filename
  24448	     28	   1804	  26280	   66a8	ATAT Walker.elf
Finished building: default.size.stdout
 
22:02:16 **** Incremental Build of configuration Debug for project ATAT Walker ****
make -j12 all 
arm-none-eabi-size  ATAT\ Walker.elf 
   text	   data	    bss	    dec	    hex	filename
  24448	     28	   1804	  26280	   66a8	ATAT Walker.elf
Finished building: default.size.stdout
 
22:04:57 **** Incremental Build of configuration Debug for project ATAT Walker ****
make -j12 all 
arm-none-eabi-size  ATAT\ Walker.elf 
   text	   data	    bss	    dec	    hex	filename
  24448	     28	   1804	  26280	   66a8	ATAT Walker.elf
Finished building: default.size.stdout
 
22:05:41 **** Incremental Build of configuration Debug for project ATAT Walker ****
make -j12 all 
arm-none-eabi-size  ATAT\ Walker.elf 
   text	   data	    bss	    dec	    hex	filename
  24448	     28	   1804	  26280	   66a8	ATAT Walker.elf
Finished building: default.size.stdout
 
22:28:08 **** Incremental Build of configuration Debug for project ATAT Walker ****
make -j12 all 
arm-none-eabi-size  ATAT\ Walker.elf 
   text	   data	    bss	    dec	    hex	filename
  24448	     28	   1804	  26280	   66a8	ATAT Walker.elf
Finished building: default.size.stdout
 
22:30:00 **** Incremental Build of configuration Debug for project ATAT Walker ****
make -j12 all 
arm-none-eabi-size  ATAT\ Walker.elf 
   text	   data	    bss	    dec	    hex	filename
  24448	     28	   1804	  26280	   66a8	ATAT Walker.elf
Finished building: default.size.stdout
 
23:39:07 **** Incremental Build of configuration Debug for project ATAT Walker ****
make -j12 all 
arm-none-eabi-size  ATAT\ Walker.elf 
   text	   data	    bss	    dec	    hex	filename
  24448	     28	   1804	  26280	   66a8	ATAT Walker.elf
Finished building: default.size.stdout
 
00:28:39 **** Incremental Build of configuration Debug for project ATAT Walker ****
make -j12 all 
arm-none-eabi-gcc "../Core/Src/main.c" -mcpu=cortex-m0plus -std=gnu11 -g3 -DDEBUG -DUSE_HAL_DRIVER -DSTM32L031xx -c -I../Core/Inc -I../Drivers/STM32L0xx_HAL_Driver/Inc -I../Drivers/STM32L0xx_HAL_Driver/Inc/Legacy -I../Drivers/CMSIS/Device/ST/STM32L0xx/Include -I../Drivers/CMSIS/Include -O0 -ffunction-sections -fdata-sections -Wall -fstack-usage -fcyclomatic-complexity -MMD -MP -MF"Core/Src/main.d" -MT"Core/Src/main.o" --specs=nano.specs -mfloat-abi=soft -mthumb -o "Core/Src/main.o"
arm-none-eabi-gcc -o "ATAT Walker.elf" @"objects.list"   -mcpu=cortex-m0plus -T"C:\Users\jcasino2\Downloads\ATAT Walker\ATAT Walker\STM32L031K6TX_FLASH.ld" --specs=nosys.specs -Wl,-Map="ATAT Walker.map" -Wl,--gc-sections -static --specs=nano.specs -mfloat-abi=soft -mthumb -Wl,--start-group -lc -lm -Wl,--end-group
Finished building target: ATAT Walker.elf
 
arm-none-eabi-size  ATAT\ Walker.elf 
arm-none-eabi-objdump -h -S ATAT\ Walker.elf  > "ATAT Walker.list"
   text	   data	    bss	    dec	    hex	filename
  24452	     28	   1804	  26284	   66ac	ATAT Walker.elf
Finished building: default.size.stdout
 
Finished building: ATAT Walker.list
 
00:33:41 **** Incremental Build of configuration Debug for project ATAT Walker ****
make -j12 all 
arm-none-eabi-size  ATAT\ Walker.elf 
   text	   data	    bss	    dec	    hex	filename
  24452	     28	   1804	  26284	   66ac	ATAT Walker.elf
Finished building: default.size.stdout
 
00:36:16 **** Incremental Build of configuration Debug for project ATAT Walker ****
make -j12 all 
arm-none-eabi-size  ATAT\ Walker.elf 
   text	   data	    bss	    dec	    hex	filename
  24452	     28	   1804	  26284	   66ac	ATAT Walker.elf
Finished building: default.size.stdout
 
00:48:17 **** Incremental Build of configuration Debug for project ATAT Walker ****
make -j12 all 
arm-none-eabi-size  ATAT\ Walker.elf 
   text	   data	    bss	    dec	    hex	filename
  24452	     28	   1804	  26284	   66ac	ATAT Walker.elf
Finished building: default.size.stdout
 
00:49:20 **** Incremental Build of configuration Debug for project ATAT Walker ****
make -j12 all 
arm-none-eabi-size  ATAT\ Walker.elf 
   text	   data	    bss	    dec	    hex	filename
  24452	     28	   1804	  26284	   66ac	ATAT Walker.elf
Finished building: default.size.stdout
 
01:02:54 **** Incremental Build of configuration Debug for project ATAT Walker ****
make -j12 all 
arm-none-eabi-gcc "../Core/Src/main.c" -mcpu=cortex-m0plus -std=gnu11 -g3 -DDEBUG -DUSE_HAL_DRIVER -DSTM32L031xx -c -I../Core/Inc -I../Drivers/STM32L0xx_HAL_Driver/Inc -I../Drivers/STM32L0xx_HAL_Driver/Inc/Legacy -I../Drivers/CMSIS/Device/ST/STM32L0xx/Include -I../Drivers/CMSIS/Include -O0 -ffunction-sections -fdata-sections -Wall -fstack-usage -fcyclomatic-complexity -MMD -MP -MF"Core/Src/main.d" -MT"Core/Src/main.o" --specs=nano.specs -mfloat-abi=soft -mthumb -o "Core/Src/main.o"
arm-none-eabi-gcc "../Core/Src/stm32l0xx_hal_msp.c" -mcpu=cortex-m0plus -std=gnu11 -g3 -DDEBUG -DUSE_HAL_DRIVER -DSTM32L031xx -c -I../Core/Inc -I../Drivers/STM32L0xx_HAL_Driver/Inc -I../Drivers/STM32L0xx_HAL_Driver/Inc/Legacy -I../Drivers/CMSIS/Device/ST/STM32L0xx/Include -I../Drivers/CMSIS/Include -O0 -ffunction-sections -fdata-sections -Wall -fstack-usage -fcyclomatic-complexity -MMD -MP -MF"Core/Src/stm32l0xx_hal_msp.d" -MT"Core/Src/stm32l0xx_hal_msp.o" --specs=nano.specs -mfloat-abi=soft -mthumb -o "Core/Src/stm32l0xx_hal_msp.o"
arm-none-eabi-gcc "../Core/Src/stm32l0xx_it.c" -mcpu=cortex-m0plus -std=gnu11 -g3 -DDEBUG -DUSE_HAL_DRIVER -DSTM32L031xx -c -I../Core/Inc -I../Drivers/STM32L0xx_HAL_Driver/Inc -I../Drivers/STM32L0xx_HAL_Driver/Inc/Legacy -I../Drivers/CMSIS/Device/ST/STM32L0xx/Include -I../Drivers/CMSIS/Include -O0 -ffunction-sections -fdata-sections -Wall -fstack-usage -fcyclomatic-complexity -MMD -MP -MF"Core/Src/stm32l0xx_it.d" -MT"Core/Src/stm32l0xx_it.o" --specs=nano.specs -mfloat-abi=soft -mthumb -o "Core/Src/stm32l0xx_it.o"
arm-none-eabi-gcc -o "ATAT Walker.elf" @"objects.list"   -mcpu=cortex-m0plus -T"C:\Users\jcasino2\Downloads\ATAT Walker\ATAT Walker\STM32L031K6TX_FLASH.ld" --specs=nosys.specs -Wl,-Map="ATAT Walker.map" -Wl,--gc-sections -static --specs=nano.specs -mfloat-abi=soft -mthumb -Wl,--start-group -lc -lm -Wl,--end-group
Finished building target: ATAT Walker.elf
 
arm-none-eabi-size  ATAT\ Walker.elf 
arm-none-eabi-objdump -h -S ATAT\ Walker.elf  > "ATAT Walker.list"
   text	   data	    bss	    dec	    hex	filename
  22400	     28	   1804	  24232	   5ea8	ATAT Walker.elf
Finished building: default.size.stdout
 
Finished building: ATAT Walker.list
 
01:17:54 **** Incremental Build of configuration Debug for project ATAT Walker ****
make -j12 all 
arm-none-eabi-gcc "../Core/Src/main.c" -mcpu=cortex-m0plus -std=gnu11 -g3 -DDEBUG -DUSE_HAL_DRIVER -DSTM32L031xx -c -I../Core/Inc -I../Drivers/STM32L0xx_HAL_Driver/Inc -I../Drivers/STM32L0xx_HAL_Driver/Inc/Legacy -I../Drivers/CMSIS/Device/ST/STM32L0xx/Include -I../Drivers/CMSIS/Include -O0 -ffunction-sections -fdata-sections -Wall -fstack-usage -fcyclomatic-complexity -MMD -MP -MF"Core/Src/main.d" -MT"Core/Src/main.o" --specs=nano.specs -mfloat-abi=soft -mthumb -o "Core/Src/main.o"
arm-none-eabi-gcc -o "ATAT Walker.elf" @"objects.list"   -mcpu=cortex-m0plus -T"C:\Users\jcasino2\Downloads\ATAT Walker\ATAT Walker\STM32L031K6TX_FLASH.ld" --specs=nosys.specs -Wl,-Map="ATAT Walker.map" -Wl,--gc-sections -static --specs=nano.specs -mfloat-abi=soft -mthumb -Wl,--start-group -lc -lm -Wl,--end-group
Finished building target: ATAT Walker.elf
 
arm-none-eabi-size  ATAT\ Walker.elf 
arm-none-eabi-objdump -h -S ATAT\ Walker.elf  > "ATAT Walker.list"
   text	   data	    bss	    dec	    hex	filename
  22372	     28	   1804	  24204	   5e8c	ATAT Walker.elf
Finished building: default.size.stdout
 
Finished building: ATAT Walker.list
 
01:19:42 **** Incremental Build of configuration Debug for project ATAT Walker ****
make -j12 all 
arm-none-eabi-size  ATAT\ Walker.elf 
   text	   data	    bss	    dec	    hex	filename
  22372	     28	   1804	  24204	   5e8c	ATAT Walker.elf
Finished building: default.size.stdout
 
01:22:48 **** Incremental Build of configuration Debug for project ATAT Walker ****
make -j12 all 
arm-none-eabi-size  ATAT\ Walker.elf 
   text	   data	    bss	    dec	    hex	filename
  22372	     28	   1804	  24204	   5e8c	ATAT Walker.elf
Finished building: default.size.stdout
 
01:26:42 **** Incremental Build of configuration Debug for project ATAT Walker ****
make -j12 all 
arm-none-eabi-gcc "../Core/Src/main.c" -mcpu=cortex-m0plus -std=gnu11 -g3 -DDEBUG -DUSE_HAL_DRIVER -DSTM32L031xx -c -I../Core/Inc -I../Drivers/STM32L0xx_HAL_Driver/Inc -I../Drivers/STM32L0xx_HAL_Driver/Inc/Legacy -I../Drivers/CMSIS/Device/ST/STM32L0xx/Include -I../Drivers/CMSIS/Include -O0 -ffunction-sections -fdata-sections -Wall -fstack-usage -fcyclomatic-complexity -MMD -MP -MF"Core/Src/main.d" -MT"Core/Src/main.o" --specs=nano.specs -mfloat-abi=soft -mthumb -o "Core/Src/main.o"
arm-none-eabi-gcc -o "ATAT Walker.elf" @"objects.list"   -mcpu=cortex-m0plus -T"C:\Users\jcasino2\Downloads\ATAT Walker\ATAT Walker\STM32L031K6TX_FLASH.ld" --specs=nosys.specs -Wl,-Map="ATAT Walker.map" -Wl,--gc-sections -static --specs=nano.specs -mfloat-abi=soft -mthumb -Wl,--start-group -lc -lm -Wl,--end-group
Finished building target: ATAT Walker.elf
 
arm-none-eabi-size  ATAT\ Walker.elf 
arm-none-eabi-objdump -h -S ATAT\ Walker.elf  > "ATAT Walker.list"
   text	   data	    bss	    dec	    hex	filename
  22400	     28	   1804	  24232	   5ea8	ATAT Walker.elf
Finished building: default.size.stdout
 
Finished building: ATAT Walker.list
 
01:33:19 **** Incremental Build of configuration Debug for project ATAT Walker ****
make -j12 all 
arm-none-eabi-gcc "../Core/Src/main.c" -mcpu=cortex-m0plus -std=gnu11 -g3 -DDEBUG -DUSE_HAL_DRIVER -DSTM32L031xx -c -I../Core/Inc -I../Drivers/STM32L0xx_HAL_Driver/Inc -I../Drivers/STM32L0xx_HAL_Driver/Inc/Legacy -I../Drivers/CMSIS/Device/ST/STM32L0xx/Include -I../Drivers/CMSIS/Include -O0 -ffunction-sections -fdata-sections -Wall -fstack-usage -fcyclomatic-complexity -MMD -MP -MF"Core/Src/main.d" -MT"Core/Src/main.o" --specs=nano.specs -mfloat-abi=soft -mthumb -o "Core/Src/main.o"
arm-none-eabi-gcc "../Core/Src/stm32l0xx_hal_msp.c" -mcpu=cortex-m0plus -std=gnu11 -g3 -DDEBUG -DUSE_HAL_DRIVER -DSTM32L031xx -c -I../Core/Inc -I../Drivers/STM32L0xx_HAL_Driver/Inc -I../Drivers/STM32L0xx_HAL_Driver/Inc/Legacy -I../Drivers/CMSIS/Device/ST/STM32L0xx/Include -I../Drivers/CMSIS/Include -O0 -ffunction-sections -fdata-sections -Wall -fstack-usage -fcyclomatic-complexity -MMD -MP -MF"Core/Src/stm32l0xx_hal_msp.d" -MT"Core/Src/stm32l0xx_hal_msp.o" --specs=nano.specs -mfloat-abi=soft -mthumb -o "Core/Src/stm32l0xx_hal_msp.o"
arm-none-eabi-gcc "../Core/Src/stm32l0xx_it.c" -mcpu=cortex-m0plus -std=gnu11 -g3 -DDEBUG -DUSE_HAL_DRIVER -DSTM32L031xx -c -I../Core/Inc -I../Drivers/STM32L0xx_HAL_Driver/Inc -I../Drivers/STM32L0xx_HAL_Driver/Inc/Legacy -I../Drivers/CMSIS/Device/ST/STM32L0xx/Include -I../Drivers/CMSIS/Include -O0 -ffunction-sections -fdata-sections -Wall -fstack-usage -fcyclomatic-complexity -MMD -MP -MF"Core/Src/stm32l0xx_it.d" -MT"Core/Src/stm32l0xx_it.o" --specs=nano.specs -mfloat-abi=soft -mthumb -o "Core/Src/stm32l0xx_it.o"
arm-none-eabi-gcc -o "ATAT Walker.elf" @"objects.list"   -mcpu=cortex-m0plus -T"C:\Users\jcasino2\Downloads\ATAT Walker\ATAT Walker\STM32L031K6TX_FLASH.ld" --specs=nosys.specs -Wl,-Map="ATAT Walker.map" -Wl,--gc-sections -static --specs=nano.specs -mfloat-abi=soft -mthumb -Wl,--start-group -lc -lm -Wl,--end-group
Finished building target: ATAT Walker.elf
 
arm-none-eabi-size  ATAT\ Walker.elf 
arm-none-eabi-objdump -h -S ATAT\ Walker.elf  > "ATAT Walker.list"
   text	   data	    bss	    dec	    hex	filename
  24452	     28	   1804	  26284	   66ac	ATAT Walker.elf
Finished building: default.size.stdout
 
Finished building: ATAT Walker.list
 
01:34:19 **** Incremental Build of configuration Debug for project ATAT Walker ****
make -j12 all 
arm-none-eabi-size  ATAT\ Walker.elf 
   text	   data	    bss	    dec	    hex	filename
  24452	     28	   1804	  26284	   66ac	ATAT Walker.elf
Finished building: default.size.stdout
 
01:38:00 **** Incremental Build of configuration Debug for project ATAT Walker ****
make -j12 all 
arm-none-eabi-gcc "../Core/Src/main.c" -mcpu=cortex-m0plus -std=gnu11 -g3 -DDEBUG -DUSE_HAL_DRIVER -DSTM32L031xx -c -I../Core/Inc -I../Drivers/STM32L0xx_HAL_Driver/Inc -I../Drivers/STM32L0xx_HAL_Driver/Inc/Legacy -I../Drivers/CMSIS/Device/ST/STM32L0xx/Include -I../Drivers/CMSIS/Include -O0 -ffunction-sections -fdata-sections -Wall -fstack-usage -fcyclomatic-complexity -MMD -MP -MF"Core/Src/main.d" -MT"Core/Src/main.o" --specs=nano.specs -mfloat-abi=soft -mthumb -o "Core/Src/main.o"
arm-none-eabi-gcc -o "ATAT Walker.elf" @"objects.list"   -mcpu=cortex-m0plus -T"C:\Users\jcasino2\Downloads\ATAT Walker\ATAT Walker\STM32L031K6TX_FLASH.ld" --specs=nosys.specs -Wl,-Map="ATAT Walker.map" -Wl,--gc-sections -static --specs=nano.specs -mfloat-abi=soft -mthumb -Wl,--start-group -lc -lm -Wl,--end-group
Finished building target: ATAT Walker.elf
 
arm-none-eabi-size  ATAT\ Walker.elf 
arm-none-eabi-objdump -h -S ATAT\ Walker.elf  > "ATAT Walker.list"
   text	   data	    bss	    dec	    hex	filename
  24508	     28	   1804	  26340	   66e4	ATAT Walker.elf
Finished building: default.size.stdout
 
Finished building: ATAT Walker.list
 
01:52:14 **** Incremental Build of configuration Debug for project ATAT Walker ****
make -j12 all 
arm-none-eabi-gcc "../Core/Src/main.c" -mcpu=cortex-m0plus -std=gnu11 -g3 -DDEBUG -DUSE_HAL_DRIVER -DSTM32L031xx -c -I../Core/Inc -I../Drivers/STM32L0xx_HAL_Driver/Inc -I../Drivers/STM32L0xx_HAL_Driver/Inc/Legacy -I../Drivers/CMSIS/Device/ST/STM32L0xx/Include -I../Drivers/CMSIS/Include -O0 -ffunction-sections -fdata-sections -Wall -fstack-usage -fcyclomatic-complexity -MMD -MP -MF"Core/Src/main.d" -MT"Core/Src/main.o" --specs=nano.specs -mfloat-abi=soft -mthumb -o "Core/Src/main.o"
../Core/Src/main.c: In function 'calc_degree':
../Core/Src/main.c:197:9: error: case label not within a switch statement
  197 |         case 1:
      |         ^~~~
../Core/Src/main.c:199:9: error: case label not within a switch statement
  199 |         case 2:
      |         ^~~~
../Core/Src/main.c:201:9: error: case label not within a switch statement
  201 |         case 3:
      |         ^~~~
../Core/Src/main.c:203:9: error: 'default' label not within a switch statement
  203 |         default:;
      |         ^~~~~~~
make: *** [Core/Src/subdir.mk:34: Core/Src/main.o] Error 1
"make -j12 all" terminated with exit code 2. Build might be incomplete.
01:53:50 **** Incremental Build of configuration Debug for project ATAT Walker ****
make -j12 all 
arm-none-eabi-gcc "../Core/Src/main.c" -mcpu=cortex-m0plus -std=gnu11 -g3 -DDEBUG -DUSE_HAL_DRIVER -DSTM32L031xx -c -I../Core/Inc -I../Drivers/STM32L0xx_HAL_Driver/Inc -I../Drivers/STM32L0xx_HAL_Driver/Inc/Legacy -I../Drivers/CMSIS/Device/ST/STM32L0xx/Include -I../Drivers/CMSIS/Include -O0 -ffunction-sections -fdata-sections -Wall -fstack-usage -fcyclomatic-complexity -MMD -MP -MF"Core/Src/main.d" -MT"Core/Src/main.o" --specs=nano.specs -mfloat-abi=soft -mthumb -o "Core/Src/main.o"
arm-none-eabi-gcc -o "ATAT Walker.elf" @"objects.list"   -mcpu=cortex-m0plus -T"C:\Users\jcasino2\Downloads\ATAT Walker\ATAT Walker\STM32L031K6TX_FLASH.ld" --specs=nosys.specs -Wl,-Map="ATAT Walker.map" -Wl,--gc-sections -static --specs=nano.specs -mfloat-abi=soft -mthumb -Wl,--start-group -lc -lm -Wl,--end-group
Finished building target: ATAT Walker.elf
 
arm-none-eabi-size  ATAT\ Walker.elf 
arm-none-eabi-objdump -h -S ATAT\ Walker.elf  > "ATAT Walker.list"
   text	   data	    bss	    dec	    hex	filename
  24504	     92	   1804	  26400	   6720	ATAT Walker.elf
Finished building: default.size.stdout
 
Finished building: ATAT Walker.list
 
01:54:20 **** Incremental Build of configuration Debug for project ATAT Walker ****
make -j12 all 
arm-none-eabi-size  ATAT\ Walker.elf 
   text	   data	    bss	    dec	    hex	filename
  24504	     92	   1804	  26400	   6720	ATAT Walker.elf
Finished building: default.size.stdout
 
18:15:45 **** Incremental Build of configuration Debug for project ATAT Walker ****
make -j12 all 
arm-none-eabi-size  ATAT\ Walker.elf 
   text	   data	    bss	    dec	    hex	filename
  24504	     92	   1804	  26400	   6720	ATAT Walker.elf
Finished building: default.size.stdout
 
18:23:26 **** Incremental Build of configuration Debug for project ATAT Walker ****
make -j12 all 
arm-none-eabi-size  ATAT\ Walker.elf 
   text	   data	    bss	    dec	    hex	filename
  24504	     92	   1804	  26400	   6720	ATAT Walker.elf
Finished building: default.size.stdout
 
18:26:41 **** Incremental Build of configuration Debug for project ATAT Walker ****
make -j12 all 
arm-none-eabi-size  ATAT\ Walker.elf 
   text	   data	    bss	    dec	    hex	filename
  24504	     92	   1804	  26400	   6720	ATAT Walker.elf
Finished building: default.size.stdout
 
18:29:35 **** Incremental Build of configuration Debug for project ATAT Walker ****
make -j12 all 
arm-none-eabi-size  ATAT\ Walker.elf 
   text	   data	    bss	    dec	    hex	filename
  24504	     92	   1804	  26400	   6720	ATAT Walker.elf
Finished building: default.size.stdout
 
18:30:35 **** Incremental Build of configuration Debug for project ATAT Walker ****
make -j12 all 
arm-none-eabi-size  ATAT\ Walker.elf 
   text	   data	    bss	    dec	    hex	filename
  24504	     92	   1804	  26400	   6720	ATAT Walker.elf
Finished building: default.size.stdout
 
18:33:18 **** Incremental Build of configuration Debug for project ATAT Walker ****
make -j12 all 
arm-none-eabi-gcc "../Core/Src/main.c" -mcpu=cortex-m0plus -std=gnu11 -g3 -DDEBUG -DUSE_HAL_DRIVER -DSTM32L031xx -c -I../Core/Inc -I../Drivers/STM32L0xx_HAL_Driver/Inc -I../Drivers/STM32L0xx_HAL_Driver/Inc/Legacy -I../Drivers/CMSIS/Device/ST/STM32L0xx/Include -I../Drivers/CMSIS/Include -O0 -ffunction-sections -fdata-sections -Wall -fstack-usage -fcyclomatic-complexity -MMD -MP -MF"Core/Src/main.d" -MT"Core/Src/main.o" --specs=nano.specs -mfloat-abi=soft -mthumb -o "Core/Src/main.o"
arm-none-eabi-gcc -o "ATAT Walker.elf" @"objects.list"   -mcpu=cortex-m0plus -T"C:\Users\jcasino2\Downloads\ATAT Walker\ATAT Walker\STM32L031K6TX_FLASH.ld" --specs=nosys.specs -Wl,-Map="ATAT Walker.map" -Wl,--gc-sections -static --specs=nano.specs -mfloat-abi=soft -mthumb -Wl,--start-group -lc -lm -Wl,--end-group
Finished building target: ATAT Walker.elf
 
arm-none-eabi-size  ATAT\ Walker.elf 
arm-none-eabi-objdump -h -S ATAT\ Walker.elf  > "ATAT Walker.list"
   text	   data	    bss	    dec	    hex	filename
  24444	     92	   1804	  26340	   66e4	ATAT Walker.elf
Finished building: default.size.stdout
 
Finished building: ATAT Walker.list
 
18:34:08 **** Incremental Build of configuration Debug for project ATAT Walker ****
make -j12 all 
arm-none-eabi-size  ATAT\ Walker.elf 
   text	   data	    bss	    dec	    hex	filename
  24444	     92	   1804	  26340	   66e4	ATAT Walker.elf
Finished building: default.size.stdout
 
18:37:26 **** Incremental Build of configuration Debug for project ATAT Walker ****
make -j12 all 
arm-none-eabi-size  ATAT\ Walker.elf 
   text	   data	    bss	    dec	    hex	filename
  24444	     92	   1804	  26340	   66e4	ATAT Walker.elf
Finished building: default.size.stdout
 
18:37:46 **** Incremental Build of configuration Debug for project ATAT Walker ****
make -j12 all 
arm-none-eabi-size  ATAT\ Walker.elf 
   text	   data	    bss	    dec	    hex	filename
  24444	     92	   1804	  26340	   66e4	ATAT Walker.elf
Finished building: default.size.stdout
 
18:38:31 **** Incremental Build of configuration Debug for project ATAT Walker ****
make -j12 all 
arm-none-eabi-size  ATAT\ Walker.elf 
   text	   data	    bss	    dec	    hex	filename
  24444	     92	   1804	  26340	   66e4	ATAT Walker.elf
Finished building: default.size.stdout
 
18:39:19 **** Incremental Build of configuration Debug for project ATAT Walker ****
make -j12 all 
arm-none-eabi-gcc "../Core/Src/main.c" -mcpu=cortex-m0plus -std=gnu11 -g3 -DDEBUG -DUSE_HAL_DRIVER -DSTM32L031xx -c -I../Core/Inc -I../Drivers/STM32L0xx_HAL_Driver/Inc -I../Drivers/STM32L0xx_HAL_Driver/Inc/Legacy -I../Drivers/CMSIS/Device/ST/STM32L0xx/Include -I../Drivers/CMSIS/Include -O0 -ffunction-sections -fdata-sections -Wall -fstack-usage -fcyclomatic-complexity -MMD -MP -MF"Core/Src/main.d" -MT"Core/Src/main.o" --specs=nano.specs -mfloat-abi=soft -mthumb -o "Core/Src/main.o"
arm-none-eabi-gcc -o "ATAT Walker.elf" @"objects.list"   -mcpu=cortex-m0plus -T"C:\Users\jcasino2\Downloads\ATAT Walker\ATAT Walker\STM32L031K6TX_FLASH.ld" --specs=nosys.specs -Wl,-Map="ATAT Walker.map" -Wl,--gc-sections -static --specs=nano.specs -mfloat-abi=soft -mthumb -Wl,--start-group -lc -lm -Wl,--end-group
Finished building target: ATAT Walker.elf
 
arm-none-eabi-size  ATAT\ Walker.elf 
arm-none-eabi-objdump -h -S ATAT\ Walker.elf  > "ATAT Walker.list"
   text	   data	    bss	    dec	    hex	filename
  24444	     92	   1804	  26340	   66e4	ATAT Walker.elf
Finished building: default.size.stdout
 
Finished building: ATAT Walker.list
 
18:39:52 **** Incremental Build of configuration Debug for project ATAT Walker ****
make -j12 all 
arm-none-eabi-size  ATAT\ Walker.elf 
   text	   data	    bss	    dec	    hex	filename
  24444	     92	   1804	  26340	   66e4	ATAT Walker.elf
Finished building: default.size.stdout
 
18:40:07 **** Incremental Build of configuration Debug for project ATAT Walker ****
make -j12 all 
arm-none-eabi-size  ATAT\ Walker.elf 
   text	   data	    bss	    dec	    hex	filename
  24444	     92	   1804	  26340	   66e4	ATAT Walker.elf
Finished building: default.size.stdout
 
18:40:40 **** Incremental Build of configuration Debug for project ATAT Walker ****
make -j12 all 
arm-none-eabi-size  ATAT\ Walker.elf 
   text	   data	    bss	    dec	    hex	filename
  24444	     92	   1804	  26340	   66e4	ATAT Walker.elf
Finished building: default.size.stdout
 
18:40:56 **** Incremental Build of configuration Debug for project ATAT Walker ****
make -j12 all 
arm-none-eabi-size  ATAT\ Walker.elf 
   text	   data	    bss	    dec	    hex	filename
  24444	     92	   1804	  26340	   66e4	ATAT Walker.elf
Finished building: default.size.stdout
 
18:46:05 **** Incremental Build of configuration Debug for project ATAT Walker ****
make -j12 all 
arm-none-eabi-size  ATAT\ Walker.elf 
   text	   data	    bss	    dec	    hex	filename
  24444	     92	   1804	  26340	   66e4	ATAT Walker.elf
Finished building: default.size.stdout
 
18:48:35 **** Incremental Build of configuration Debug for project ATAT Walker ****
make -j12 all 
arm-none-eabi-gcc "../Core/Src/main.c" -mcpu=cortex-m0plus -std=gnu11 -g3 -DDEBUG -DUSE_HAL_DRIVER -DSTM32L031xx -c -I../Core/Inc -I../Drivers/STM32L0xx_HAL_Driver/Inc -I../Drivers/STM32L0xx_HAL_Driver/Inc/Legacy -I../Drivers/CMSIS/Device/ST/STM32L0xx/Include -I../Drivers/CMSIS/Include -O0 -ffunction-sections -fdata-sections -Wall -fstack-usage -fcyclomatic-complexity -MMD -MP -MF"Core/Src/main.d" -MT"Core/Src/main.o" --specs=nano.specs -mfloat-abi=soft -mthumb -o "Core/Src/main.o"
arm-none-eabi-gcc -o "ATAT Walker.elf" @"objects.list"   -mcpu=cortex-m0plus -T"C:\Users\jcasino2\Downloads\ATAT Walker\ATAT Walker\STM32L031K6TX_FLASH.ld" --specs=nosys.specs -Wl,-Map="ATAT Walker.map" -Wl,--gc-sections -static --specs=nano.specs -mfloat-abi=soft -mthumb -Wl,--start-group -lc -lm -Wl,--end-group
Finished building target: ATAT Walker.elf
 
arm-none-eabi-size  ATAT\ Walker.elf 
arm-none-eabi-objdump -h -S ATAT\ Walker.elf  > "ATAT Walker.list"
   text	   data	    bss	    dec	    hex	filename
  24448	     92	   1804	  26344	   66e8	ATAT Walker.elf
Finished building: default.size.stdout
 
Finished building: ATAT Walker.list
 
18:49:43 **** Incremental Build of configuration Debug for project ATAT Walker ****
make -j12 all 
arm-none-eabi-gcc "../Core/Src/main.c" -mcpu=cortex-m0plus -std=gnu11 -g3 -DDEBUG -DUSE_HAL_DRIVER -DSTM32L031xx -c -I../Core/Inc -I../Drivers/STM32L0xx_HAL_Driver/Inc -I../Drivers/STM32L0xx_HAL_Driver/Inc/Legacy -I../Drivers/CMSIS/Device/ST/STM32L0xx/Include -I../Drivers/CMSIS/Include -O0 -ffunction-sections -fdata-sections -Wall -fstack-usage -fcyclomatic-complexity -MMD -MP -MF"Core/Src/main.d" -MT"Core/Src/main.o" --specs=nano.specs -mfloat-abi=soft -mthumb -o "Core/Src/main.o"
arm-none-eabi-gcc -o "ATAT Walker.elf" @"objects.list"   -mcpu=cortex-m0plus -T"C:\Users\jcasino2\Downloads\ATAT Walker\ATAT Walker\STM32L031K6TX_FLASH.ld" --specs=nosys.specs -Wl,-Map="ATAT Walker.map" -Wl,--gc-sections -static --specs=nano.specs -mfloat-abi=soft -mthumb -Wl,--start-group -lc -lm -Wl,--end-group
Finished building target: ATAT Walker.elf
 
arm-none-eabi-size  ATAT\ Walker.elf 
arm-none-eabi-objdump -h -S ATAT\ Walker.elf  > "ATAT Walker.list"
   text	   data	    bss	    dec	    hex	filename
  24444	     92	   1804	  26340	   66e4	ATAT Walker.elf
Finished building: default.size.stdout
 
Finished building: ATAT Walker.list
 
18:51:11 **** Incremental Build of configuration Debug for project ATAT Walker ****
make -j12 all 
arm-none-eabi-gcc "../Core/Src/main.c" -mcpu=cortex-m0plus -std=gnu11 -g3 -DDEBUG -DUSE_HAL_DRIVER -DSTM32L031xx -c -I../Core/Inc -I../Drivers/STM32L0xx_HAL_Driver/Inc -I../Drivers/STM32L0xx_HAL_Driver/Inc/Legacy -I../Drivers/CMSIS/Device/ST/STM32L0xx/Include -I../Drivers/CMSIS/Include -O0 -ffunction-sections -fdata-sections -Wall -fstack-usage -fcyclomatic-complexity -MMD -MP -MF"Core/Src/main.d" -MT"Core/Src/main.o" --specs=nano.specs -mfloat-abi=soft -mthumb -o "Core/Src/main.o"
arm-none-eabi-gcc -o "ATAT Walker.elf" @"objects.list"   -mcpu=cortex-m0plus -T"C:\Users\jcasino2\Downloads\ATAT Walker\ATAT Walker\STM32L031K6TX_FLASH.ld" --specs=nosys.specs -Wl,-Map="ATAT Walker.map" -Wl,--gc-sections -static --specs=nano.specs -mfloat-abi=soft -mthumb -Wl,--start-group -lc -lm -Wl,--end-group
Finished building target: ATAT Walker.elf
 
arm-none-eabi-size  ATAT\ Walker.elf 
arm-none-eabi-objdump -h -S ATAT\ Walker.elf  > "ATAT Walker.list"
   text	   data	    bss	    dec	    hex	filename
  24444	     92	   1804	  26340	   66e4	ATAT Walker.elf
Finished building: default.size.stdout
 
Finished building: ATAT Walker.list
 
18:52:10 **** Incremental Build of configuration Debug for project ATAT Walker ****
make -j12 all 
arm-none-eabi-gcc "../Core/Src/main.c" -mcpu=cortex-m0plus -std=gnu11 -g3 -DDEBUG -DUSE_HAL_DRIVER -DSTM32L031xx -c -I../Core/Inc -I../Drivers/STM32L0xx_HAL_Driver/Inc -I../Drivers/STM32L0xx_HAL_Driver/Inc/Legacy -I../Drivers/CMSIS/Device/ST/STM32L0xx/Include -I../Drivers/CMSIS/Include -O0 -ffunction-sections -fdata-sections -Wall -fstack-usage -fcyclomatic-complexity -MMD -MP -MF"Core/Src/main.d" -MT"Core/Src/main.o" --specs=nano.specs -mfloat-abi=soft -mthumb -o "Core/Src/main.o"
arm-none-eabi-gcc -o "ATAT Walker.elf" @"objects.list"   -mcpu=cortex-m0plus -T"C:\Users\jcasino2\Downloads\ATAT Walker\ATAT Walker\STM32L031K6TX_FLASH.ld" --specs=nosys.specs -Wl,-Map="ATAT Walker.map" -Wl,--gc-sections -static --specs=nano.specs -mfloat-abi=soft -mthumb -Wl,--start-group -lc -lm -Wl,--end-group
Finished building target: ATAT Walker.elf
 
arm-none-eabi-size  ATAT\ Walker.elf 
arm-none-eabi-objdump -h -S ATAT\ Walker.elf  > "ATAT Walker.list"
   text	   data	    bss	    dec	    hex	filename
  24444	     92	   1804	  26340	   66e4	ATAT Walker.elf
Finished building: default.size.stdout
 
Finished building: ATAT Walker.list
 
18:54:01 **** Incremental Build of configuration Debug for project ATAT Walker ****
make -j12 all 
arm-none-eabi-gcc "../Core/Src/main.c" -mcpu=cortex-m0plus -std=gnu11 -g3 -DDEBUG -DUSE_HAL_DRIVER -DSTM32L031xx -c -I../Core/Inc -I../Drivers/STM32L0xx_HAL_Driver/Inc -I../Drivers/STM32L0xx_HAL_Driver/Inc/Legacy -I../Drivers/CMSIS/Device/ST/STM32L0xx/Include -I../Drivers/CMSIS/Include -O0 -ffunction-sections -fdata-sections -Wall -fstack-usage -fcyclomatic-complexity -MMD -MP -MF"Core/Src/main.d" -MT"Core/Src/main.o" --specs=nano.specs -mfloat-abi=soft -mthumb -o "Core/Src/main.o"
arm-none-eabi-gcc -o "ATAT Walker.elf" @"objects.list"   -mcpu=cortex-m0plus -T"C:\Users\jcasino2\Downloads\ATAT Walker\ATAT Walker\STM32L031K6TX_FLASH.ld" --specs=nosys.specs -Wl,-Map="ATAT Walker.map" -Wl,--gc-sections -static --specs=nano.specs -mfloat-abi=soft -mthumb -Wl,--start-group -lc -lm -Wl,--end-group
Finished building target: ATAT Walker.elf
 
arm-none-eabi-size  ATAT\ Walker.elf 
arm-none-eabi-objdump -h -S ATAT\ Walker.elf  > "ATAT Walker.list"
   text	   data	    bss	    dec	    hex	filename
  24444	     92	   1804	  26340	   66e4	ATAT Walker.elf
Finished building: default.size.stdout
 
Finished building: ATAT Walker.list
 
18:56:52 **** Incremental Build of configuration Debug for project ATAT Walker ****
make -j12 all 
arm-none-eabi-gcc "../Core/Src/main.c" -mcpu=cortex-m0plus -std=gnu11 -g3 -DDEBUG -DUSE_HAL_DRIVER -DSTM32L031xx -c -I../Core/Inc -I../Drivers/STM32L0xx_HAL_Driver/Inc -I../Drivers/STM32L0xx_HAL_Driver/Inc/Legacy -I../Drivers/CMSIS/Device/ST/STM32L0xx/Include -I../Drivers/CMSIS/Include -O0 -ffunction-sections -fdata-sections -Wall -fstack-usage -fcyclomatic-complexity -MMD -MP -MF"Core/Src/main.d" -MT"Core/Src/main.o" --specs=nano.specs -mfloat-abi=soft -mthumb -o "Core/Src/main.o"
arm-none-eabi-gcc -o "ATAT Walker.elf" @"objects.list"   -mcpu=cortex-m0plus -T"C:\Users\jcasino2\Downloads\ATAT Walker\ATAT Walker\STM32L031K6TX_FLASH.ld" --specs=nosys.specs -Wl,-Map="ATAT Walker.map" -Wl,--gc-sections -static --specs=nano.specs -mfloat-abi=soft -mthumb -Wl,--start-group -lc -lm -Wl,--end-group
Finished building target: ATAT Walker.elf
 
arm-none-eabi-size  ATAT\ Walker.elf 
arm-none-eabi-objdump -h -S ATAT\ Walker.elf  > "ATAT Walker.list"
   text	   data	    bss	    dec	    hex	filename
  24444	     92	   1804	  26340	   66e4	ATAT Walker.elf
Finished building: default.size.stdout
 
Finished building: ATAT Walker.list
 
18:58:11 **** Incremental Build of configuration Debug for project ATAT Walker ****
make -j12 all 
arm-none-eabi-gcc "../Core/Src/main.c" -mcpu=cortex-m0plus -std=gnu11 -g3 -DDEBUG -DUSE_HAL_DRIVER -DSTM32L031xx -c -I../Core/Inc -I../Drivers/STM32L0xx_HAL_Driver/Inc -I../Drivers/STM32L0xx_HAL_Driver/Inc/Legacy -I../Drivers/CMSIS/Device/ST/STM32L0xx/Include -I../Drivers/CMSIS/Include -O0 -ffunction-sections -fdata-sections -Wall -fstack-usage -fcyclomatic-complexity -MMD -MP -MF"Core/Src/main.d" -MT"Core/Src/main.o" --specs=nano.specs -mfloat-abi=soft -mthumb -o "Core/Src/main.o"
arm-none-eabi-gcc -o "ATAT Walker.elf" @"objects.list"   -mcpu=cortex-m0plus -T"C:\Users\jcasino2\Downloads\ATAT Walker\ATAT Walker\STM32L031K6TX_FLASH.ld" --specs=nosys.specs -Wl,-Map="ATAT Walker.map" -Wl,--gc-sections -static --specs=nano.specs -mfloat-abi=soft -mthumb -Wl,--start-group -lc -lm -Wl,--end-group
Finished building target: ATAT Walker.elf
 
arm-none-eabi-size  ATAT\ Walker.elf 
arm-none-eabi-objdump -h -S ATAT\ Walker.elf  > "ATAT Walker.list"
   text	   data	    bss	    dec	    hex	filename
  24444	     92	   1804	  26340	   66e4	ATAT Walker.elf
Finished building: default.size.stdout
 
Finished building: ATAT Walker.list
 
19:05:57 **** Incremental Build of configuration Debug for project ATAT Walker ****
make -j12 all 
arm-none-eabi-gcc "../Core/Src/main.c" -mcpu=cortex-m0plus -std=gnu11 -g3 -DDEBUG -DUSE_HAL_DRIVER -DSTM32L031xx -c -I../Core/Inc -I../Drivers/STM32L0xx_HAL_Driver/Inc -I../Drivers/STM32L0xx_HAL_Driver/Inc/Legacy -I../Drivers/CMSIS/Device/ST/STM32L0xx/Include -I../Drivers/CMSIS/Include -O0 -ffunction-sections -fdata-sections -Wall -fstack-usage -fcyclomatic-complexity -MMD -MP -MF"Core/Src/main.d" -MT"Core/Src/main.o" --specs=nano.specs -mfloat-abi=soft -mthumb -o "Core/Src/main.o"
arm-none-eabi-gcc -o "ATAT Walker.elf" @"objects.list"   -mcpu=cortex-m0plus -T"C:\Users\jcasino2\Downloads\ATAT Walker\ATAT Walker\STM32L031K6TX_FLASH.ld" --specs=nosys.specs -Wl,-Map="ATAT Walker.map" -Wl,--gc-sections -static --specs=nano.specs -mfloat-abi=soft -mthumb -Wl,--start-group -lc -lm -Wl,--end-group
Finished building target: ATAT Walker.elf
 
arm-none-eabi-size  ATAT\ Walker.elf 
arm-none-eabi-objdump -h -S ATAT\ Walker.elf  > "ATAT Walker.list"
   text	   data	    bss	    dec	    hex	filename
  24444	     92	   1804	  26340	   66e4	ATAT Walker.elf
Finished building: default.size.stdout
 
Finished building: ATAT Walker.list
 
19:07:18 **** Incremental Build of configuration Debug for project ATAT Walker ****
make -j12 all 
arm-none-eabi-size  ATAT\ Walker.elf 
   text	   data	    bss	    dec	    hex	filename
  24444	     92	   1804	  26340	   66e4	ATAT Walker.elf
Finished building: default.size.stdout
 
19:09:56 **** Incremental Build of configuration Debug for project ATAT Walker ****
make -j12 all 
arm-none-eabi-gcc "../Core/Src/main.c" -mcpu=cortex-m0plus -std=gnu11 -g3 -DDEBUG -DUSE_HAL_DRIVER -DSTM32L031xx -c -I../Core/Inc -I../Drivers/STM32L0xx_HAL_Driver/Inc -I../Drivers/STM32L0xx_HAL_Driver/Inc/Legacy -I../Drivers/CMSIS/Device/ST/STM32L0xx/Include -I../Drivers/CMSIS/Include -O0 -ffunction-sections -fdata-sections -Wall -fstack-usage -fcyclomatic-complexity -MMD -MP -MF"Core/Src/main.d" -MT"Core/Src/main.o" --specs=nano.specs -mfloat-abi=soft -mthumb -o "Core/Src/main.o"
arm-none-eabi-gcc -o "ATAT Walker.elf" @"objects.list"   -mcpu=cortex-m0plus -T"C:\Users\jcasino2\Downloads\ATAT Walker\ATAT Walker\STM32L031K6TX_FLASH.ld" --specs=nosys.specs -Wl,-Map="ATAT Walker.map" -Wl,--gc-sections -static --specs=nano.specs -mfloat-abi=soft -mthumb -Wl,--start-group -lc -lm -Wl,--end-group
Finished building target: ATAT Walker.elf
 
arm-none-eabi-size  ATAT\ Walker.elf 
arm-none-eabi-objdump -h -S ATAT\ Walker.elf  > "ATAT Walker.list"
   text	   data	    bss	    dec	    hex	filename
  24444	     92	   1804	  26340	   66e4	ATAT Walker.elf
Finished building: default.size.stdout
 
Finished building: ATAT Walker.list
 
19:11:04 **** Incremental Build of configuration Debug for project ATAT Walker ****
make -j12 all 
arm-none-eabi-gcc "../Core/Src/main.c" -mcpu=cortex-m0plus -std=gnu11 -g3 -DDEBUG -DUSE_HAL_DRIVER -DSTM32L031xx -c -I../Core/Inc -I../Drivers/STM32L0xx_HAL_Driver/Inc -I../Drivers/STM32L0xx_HAL_Driver/Inc/Legacy -I../Drivers/CMSIS/Device/ST/STM32L0xx/Include -I../Drivers/CMSIS/Include -O0 -ffunction-sections -fdata-sections -Wall -fstack-usage -fcyclomatic-complexity -MMD -MP -MF"Core/Src/main.d" -MT"Core/Src/main.o" --specs=nano.specs -mfloat-abi=soft -mthumb -o "Core/Src/main.o"
arm-none-eabi-gcc -o "ATAT Walker.elf" @"objects.list"   -mcpu=cortex-m0plus -T"C:\Users\jcasino2\Downloads\ATAT Walker\ATAT Walker\STM32L031K6TX_FLASH.ld" --specs=nosys.specs -Wl,-Map="ATAT Walker.map" -Wl,--gc-sections -static --specs=nano.specs -mfloat-abi=soft -mthumb -Wl,--start-group -lc -lm -Wl,--end-group
Finished building target: ATAT Walker.elf
 
arm-none-eabi-size  ATAT\ Walker.elf 
arm-none-eabi-objdump -h -S ATAT\ Walker.elf  > "ATAT Walker.list"
   text	   data	    bss	    dec	    hex	filename
  24444	     92	   1804	  26340	   66e4	ATAT Walker.elf
Finished building: default.size.stdout
 
Finished building: ATAT Walker.list
 
19:12:25 **** Incremental Build of configuration Debug for project ATAT Walker ****
make -j12 all 
arm-none-eabi-gcc "../Core/Src/main.c" -mcpu=cortex-m0plus -std=gnu11 -g3 -DDEBUG -DUSE_HAL_DRIVER -DSTM32L031xx -c -I../Core/Inc -I../Drivers/STM32L0xx_HAL_Driver/Inc -I../Drivers/STM32L0xx_HAL_Driver/Inc/Legacy -I../Drivers/CMSIS/Device/ST/STM32L0xx/Include -I../Drivers/CMSIS/Include -O0 -ffunction-sections -fdata-sections -Wall -fstack-usage -fcyclomatic-complexity -MMD -MP -MF"Core/Src/main.d" -MT"Core/Src/main.o" --specs=nano.specs -mfloat-abi=soft -mthumb -o "Core/Src/main.o"
arm-none-eabi-gcc -o "ATAT Walker.elf" @"objects.list"   -mcpu=cortex-m0plus -T"C:\Users\jcasino2\Downloads\ATAT Walker\ATAT Walker\STM32L031K6TX_FLASH.ld" --specs=nosys.specs -Wl,-Map="ATAT Walker.map" -Wl,--gc-sections -static --specs=nano.specs -mfloat-abi=soft -mthumb -Wl,--start-group -lc -lm -Wl,--end-group
Finished building target: ATAT Walker.elf
 
arm-none-eabi-size  ATAT\ Walker.elf 
arm-none-eabi-objdump -h -S ATAT\ Walker.elf  > "ATAT Walker.list"
   text	   data	    bss	    dec	    hex	filename
  24444	     92	   1804	  26340	   66e4	ATAT Walker.elf
Finished building: default.size.stdout
 
Finished building: ATAT Walker.list
 
[...]
   text	   data	    bss	    dec	    hex	filename
  16416	     12	   1788	  18216	   4728	ATAT Walker.elf
Finished building: default.size.stdout
 
Finished building: ATAT Walker.list
 
18:43:18 **** Incremental Build of configuration Debug for project ATAT Walker ****
make -j12 all 
arm-none-eabi-gcc "../Core/Src/main.c" -mcpu=cortex-m0plus -std=gnu11 -g3 -DDEBUG -DUSE_HAL_DRIVER -DSTM32L031xx -c -I../Core/Inc -I../Drivers/STM32L0xx_HAL_Driver/Inc -I../Drivers/STM32L0xx_HAL_Driver/Inc/Legacy -I../Drivers/CMSIS/Device/ST/STM32L0xx/Include -I../Drivers/CMSIS/Include -O0 -ffunction-sections -fdata-sections -Wall -fstack-usage -fcyclomatic-complexity -MMD -MP -MF"Core/Src/main.d" -MT"Core/Src/main.o" --specs=nano.specs -mfloat-abi=soft -mthumb -o "Core/Src/main.o"
arm-none-eabi-gcc -o "ATAT Walker.elf" @"objects.list"   -mcpu=cortex-m0plus -T"C:\Users\jcasino2\Downloads\ATAT Walker\ATAT Walker\STM32L031K6TX_FLASH.ld" --specs=nosys.specs -Wl,-Map="ATAT Walker.map" -Wl,--gc-sections -static --specs=nano.specs -mfloat-abi=soft -mthumb -Wl,--start-group -lc -lm -Wl,--end-group
Finished building target: ATAT Walker.elf
 
arm-none-eabi-size  ATAT\ Walker.elf 
arm-none-eabi-objdump -h -S ATAT\ Walker.elf  > "ATAT Walker.list"
   text	   data	    bss	    dec	    hex	filename
  16420	     12	   1788	  18220	   472c	ATAT Walker.elf
Finished building: default.size.stdout
 
Finished building: ATAT Walker.list
 
19:15:02 **** Incremental Build of configuration Debug for project ATAT Walker ****
make -j12 all 
arm-none-eabi-size  ATAT\ Walker.elf 
   text	   data	    bss	    dec	    hex	filename
  16420	     12	   1788	  18220	   472c	ATAT Walker.elf
Finished building: default.size.stdout
 
19:24:44 **** Incremental Build of configuration Debug for project ATAT Walker ****
make -j12 all 
arm-none-eabi-size  ATAT\ Walker.elf 
   text	   data	    bss	    dec	    hex	filename
  16420	     12	   1788	  18220	   472c	ATAT Walker.elf
Finished building: default.size.stdout
 
19:25:24 **** Incremental Build of configuration Debug for project ATAT Walker ****
make -j12 all 
arm-none-eabi-gcc "../Core/Src/main.c" -mcpu=cortex-m0plus -std=gnu11 -g3 -DDEBUG -DUSE_HAL_DRIVER -DSTM32L031xx -c -I../Core/Inc -I../Drivers/STM32L0xx_HAL_Driver/Inc -I../Drivers/STM32L0xx_HAL_Driver/Inc/Legacy -I../Drivers/CMSIS/Device/ST/STM32L0xx/Include -I../Drivers/CMSIS/Include -O0 -ffunction-sections -fdata-sections -Wall -fstack-usage -fcyclomatic-complexity -MMD -MP -MF"Core/Src/main.d" -MT"Core/Src/main.o" --specs=nano.specs -mfloat-abi=soft -mthumb -o "Core/Src/main.o"
arm-none-eabi-gcc -o "ATAT Walker.elf" @"objects.list"   -mcpu=cortex-m0plus -T"C:\Users\jcasino2\Downloads\ATAT Walker\ATAT Walker\STM32L031K6TX_FLASH.ld" --specs=nosys.specs -Wl,-Map="ATAT Walker.map" -Wl,--gc-sections -static --specs=nano.specs -mfloat-abi=soft -mthumb -Wl,--start-group -lc -lm -Wl,--end-group
Finished building target: ATAT Walker.elf
 
arm-none-eabi-size  ATAT\ Walker.elf 
arm-none-eabi-objdump -h -S ATAT\ Walker.elf  > "ATAT Walker.list"
   text	   data	    bss	    dec	    hex	filename
  16416	     12	   1788	  18216	   4728	ATAT Walker.elf
Finished building: default.size.stdout
 
Finished building: ATAT Walker.list
 
19:26:37 **** Incremental Build of configuration Debug for project ATAT Walker ****
make -j12 all 
arm-none-eabi-gcc "../Core/Src/main.c" -mcpu=cortex-m0plus -std=gnu11 -g3 -DDEBUG -DUSE_HAL_DRIVER -DSTM32L031xx -c -I../Core/Inc -I../Drivers/STM32L0xx_HAL_Driver/Inc -I../Drivers/STM32L0xx_HAL_Driver/Inc/Legacy -I../Drivers/CMSIS/Device/ST/STM32L0xx/Include -I../Drivers/CMSIS/Include -O0 -ffunction-sections -fdata-sections -Wall -fstack-usage -fcyclomatic-complexity -MMD -MP -MF"Core/Src/main.d" -MT"Core/Src/main.o" --specs=nano.specs -mfloat-abi=soft -mthumb -o "Core/Src/main.o"
arm-none-eabi-gcc -o "ATAT Walker.elf" @"objects.list"   -mcpu=cortex-m0plus -T"C:\Users\jcasino2\Downloads\ATAT Walker\ATAT Walker\STM32L031K6TX_FLASH.ld" --specs=nosys.specs -Wl,-Map="ATAT Walker.map" -Wl,--gc-sections -static --specs=nano.specs -mfloat-abi=soft -mthumb -Wl,--start-group -lc -lm -Wl,--end-group
Finished building target: ATAT Walker.elf
 
arm-none-eabi-size  ATAT\ Walker.elf 
arm-none-eabi-objdump -h -S ATAT\ Walker.elf  > "ATAT Walker.list"
   text	   data	    bss	    dec	    hex	filename
  16420	     12	   1788	  18220	   472c	ATAT Walker.elf
Finished building: default.size.stdout
 
Finished building: ATAT Walker.list
 
19:36:35 **** Incremental Build of configuration Debug for project ATAT Walker ****
make -j12 all 
arm-none-eabi-size  ATAT\ Walker.elf 
   text	   data	    bss	    dec	    hex	filename
  16420	     12	   1788	  18220	   472c	ATAT Walker.elf
Finished building: default.size.stdout
 
16:53:58 **** Build of configuration Debug for project ATAT Walker ****
make -j12 all 
arm-none-eabi-size  ATAT\ Walker.elf 
   text	   data	    bss	    dec	    hex	filename
  16420	     12	   1788	  18220	   472c	ATAT Walker.elf
Finished building: default.size.stdout
 
16:56:33 **** Incremental Build of configuration Debug for project ATAT Walker ****
make -j12 all 
arm-none-eabi-gcc "../Core/Src/main.c" -mcpu=cortex-m0plus -std=gnu11 -g3 -DDEBUG -DUSE_HAL_DRIVER -DSTM32L031xx -c -I../Core/Inc -I../Drivers/STM32L0xx_HAL_Driver/Inc -I../Drivers/STM32L0xx_HAL_Driver/Inc/Legacy -I../Drivers/CMSIS/Device/ST/STM32L0xx/Include -I../Drivers/CMSIS/Include -O0 -ffunction-sections -fdata-sections -Wall -fstack-usage -fcyclomatic-complexity -MMD -MP -MF"Core/Src/main.d" -MT"Core/Src/main.o" --specs=nano.specs -mfloat-abi=soft -mthumb -o "Core/Src/main.o"
arm-none-eabi-gcc -o "ATAT Walker.elf" @"objects.list"   -mcpu=cortex-m0plus -T"C:\Users\jcasino2\Downloads\ATAT Walker\ATAT Walker\STM32L031K6TX_FLASH.ld" --specs=nosys.specs -Wl,-Map="ATAT Walker.map" -Wl,--gc-sections -static --specs=nano.specs -mfloat-abi=soft -mthumb -Wl,--start-group -lc -lm -Wl,--end-group
Finished building target: ATAT Walker.elf
 
arm-none-eabi-size  ATAT\ Walker.elf 
arm-none-eabi-objdump -h -S ATAT\ Walker.elf  > "ATAT Walker.list"
   text	   data	    bss	    dec	    hex	filename
  16428	     12	   1788	  18228	   4734	ATAT Walker.elf
Finished building: default.size.stdout
 
Finished building: ATAT Walker.list
 
17:00:01 **** Incremental Build of configuration Debug for project ATAT Walker ****
make -j12 all 
arm-none-eabi-gcc "../Core/Src/main.c" -mcpu=cortex-m0plus -std=gnu11 -g3 -DDEBUG -DUSE_HAL_DRIVER -DSTM32L031xx -c -I../Core/Inc -I../Drivers/STM32L0xx_HAL_Driver/Inc -I../Drivers/STM32L0xx_HAL_Driver/Inc/Legacy -I../Drivers/CMSIS/Device/ST/STM32L0xx/Include -I../Drivers/CMSIS/Include -O0 -ffunction-sections -fdata-sections -Wall -fstack-usage -fcyclomatic-complexity -MMD -MP -MF"Core/Src/main.d" -MT"Core/Src/main.o" --specs=nano.specs -mfloat-abi=soft -mthumb -o "Core/Src/main.o"
arm-none-eabi-gcc -o "ATAT Walker.elf" @"objects.list"   -mcpu=cortex-m0plus -T"C:\Users\jcasino2\Downloads\ATAT Walker\ATAT Walker\STM32L031K6TX_FLASH.ld" --specs=nosys.specs -Wl,-Map="ATAT Walker.map" -Wl,--gc-sections -static --specs=nano.specs -mfloat-abi=soft -mthumb -Wl,--start-group -lc -lm -Wl,--end-group
Finished building target: ATAT Walker.elf
 
arm-none-eabi-size  ATAT\ Walker.elf 
arm-none-eabi-objdump -h -S ATAT\ Walker.elf  > "ATAT Walker.list"
   text	   data	    bss	    dec	    hex	filename
  16420	     12	   1788	  18220	   472c	ATAT Walker.elf
Finished building: default.size.stdout
 
Finished building: ATAT Walker.list
 
17:01:42 **** Incremental Build of configuration Debug for project ATAT Walker ****
make -j12 all 
arm-none-eabi-gcc "../Core/Src/main.c" -mcpu=cortex-m0plus -std=gnu11 -g3 -DDEBUG -DUSE_HAL_DRIVER -DSTM32L031xx -c -I../Core/Inc -I../Drivers/STM32L0xx_HAL_Driver/Inc -I../Drivers/STM32L0xx_HAL_Driver/Inc/Legacy -I../Drivers/CMSIS/Device/ST/STM32L0xx/Include -I../Drivers/CMSIS/Include -O0 -ffunction-sections -fdata-sections -Wall -fstack-usage -fcyclomatic-complexity -MMD -MP -MF"Core/Src/main.d" -MT"Core/Src/main.o" --specs=nano.specs -mfloat-abi=soft -mthumb -o "Core/Src/main.o"
../Core/Src/main.c: In function 'main':
../Core/Src/main.c:345:13: error: invalid storage class for function 'MX_LPUART1_UART_Init'
  345 | static void MX_LPUART1_UART_Init(void)
      |             ^~~~~~~~~~~~~~~~~~~~
../Core/Src/main.c:379:13: error: invalid storage class for function 'MX_TIM2_Init'
  379 | static void MX_TIM2_Init(void)
      |             ^~~~~~~~~~~~
../Core/Src/main.c:450:13: error: invalid storage class for function 'MX_GPIO_Init'
  450 | static void MX_GPIO_Init(void)
      |             ^~~~~~~~~~~~
../Core/Src/main.c:481:1: error: expected declaration or statement at end of input
  481 | }
      | ^
../Core/Src/main.c: At top level:
../Core/Src/main.c:68:13: warning: 'MX_GPIO_Init' used but never defined
   68 | static void MX_GPIO_Init(void);
      |             ^~~~~~~~~~~~
../Core/Src/main.c:69:13: warning: 'MX_TIM2_Init' used but never defined
   69 | static void MX_TIM2_Init(void);
      |             ^~~~~~~~~~~~
../Core/Src/main.c:70:13: warning: 'MX_LPUART1_UART_Init' used but never defined
   70 | static void MX_LPUART1_UART_Init(void);
      |             ^~~~~~~~~~~~~~~~~~~~
../Core/Src/main.c:472:6: warning: 'Error_Handler' defined but not used [-Wunused-function]
  472 | void Error_Handler(void)
      |      ^~~~~~~~~~~~~
../Core/Src/main.c:450:13: warning: 'MX_GPIO_Init' defined but not used [-Wunused-function]
  450 | static void MX_GPIO_Init(void)
      |             ^~~~~~~~~~~~
../Core/Src/main.c:379:13: warning: 'MX_TIM2_Init' defined but not used [-Wunused-function]
  379 | static void MX_TIM2_Init(void)
      |             ^~~~~~~~~~~~
../Core/Src/main.c:345:13: warning: 'MX_LPUART1_UART_Init' defined but not used [-Wunused-function]
  345 | static void MX_LPUART1_UART_Init(void)
      |             ^~~~~~~~~~~~~~~~~~~~
../Core/Src/main.c:297:6: warning: 'SystemClock_Config' defined but not used [-Wunused-function]
  297 | void SystemClock_Config(void)
      |      ^~~~~~~~~~~~~~~~~~
../Core/Src/main.c:238:6: warning: 'HAL_UART_RxCpltCallback' defined but not used [-Wunused-function]
  238 | void HAL_UART_RxCpltCallback(UART_HandleTypeDef *huart) {
      |      ^~~~~~~~~~~~~~~~~~~~~~~
../Core/Src/main.c:197:6: warning: 'calc_degree' defined but not used [-Wunused-function]
  197 | void calc_degree(int32_t angle_end, int motor) {
      |      ^~~~~~~~~~~
make: *** [Core/Src/subdir.mk:34: Core/Src/main.o] Error 1
"make -j12 all" terminated with exit code 2. Build might be incomplete.
17:02:43 **** Incremental Build of configuration Debug for project ATAT Walker ****
make -j12 all 
arm-none-eabi-gcc "../Core/Src/main.c" -mcpu=cortex-m0plus -std=gnu11 -g3 -DDEBUG -DUSE_HAL_DRIVER -DSTM32L031xx -c -I../Core/Inc -I../Drivers/STM32L0xx_HAL_Driver/Inc -I../Drivers/STM32L0xx_HAL_Driver/Inc/Legacy -I../Drivers/CMSIS/Device/ST/STM32L0xx/Include -I../Drivers/CMSIS/Include -O0 -ffunction-sections -fdata-sections -Wall -fstack-usage -fcyclomatic-complexity -MMD -MP -MF"Core/Src/main.d" -MT"Core/Src/main.o" --specs=nano.specs -mfloat-abi=soft -mthumb -o "Core/Src/main.o"
arm-none-eabi-gcc -o "ATAT Walker.elf" @"objects.list"   -mcpu=cortex-m0plus -T"C:\Users\jcasino2\Downloads\ATAT Walker\ATAT Walker\STM32L031K6TX_FLASH.ld" --specs=nosys.specs -Wl,-Map="ATAT Walker.map" -Wl,--gc-sections -static --specs=nano.specs -mfloat-abi=soft -mthumb -Wl,--start-group -lc -lm -Wl,--end-group
Finished building target: ATAT Walker.elf
 
arm-none-eabi-size  ATAT\ Walker.elf 
arm-none-eabi-objdump -h -S ATAT\ Walker.elf  > "ATAT Walker.list"
   text	   data	    bss	    dec	    hex	filename
  20260	    124	   1788	  22172	   569c	ATAT Walker.elf
Finished building: default.size.stdout
 
Finished building: ATAT Walker.list
 
17:06:07 **** Incremental Build of configuration Debug for project ATAT Walker ****
make -j12 all 
arm-none-eabi-gcc "../Core/Src/main.c" -mcpu=cortex-m0plus -std=gnu11 -g3 -DDEBUG -DUSE_HAL_DRIVER -DSTM32L031xx -c -I../Core/Inc -I../Drivers/STM32L0xx_HAL_Driver/Inc -I../Drivers/STM32L0xx_HAL_Driver/Inc/Legacy -I../Drivers/CMSIS/Device/ST/STM32L0xx/Include -I../Drivers/CMSIS/Include -O0 -ffunction-sections -fdata-sections -Wall -fstack-usage -fcyclomatic-complexity -MMD -MP -MF"Core/Src/main.d" -MT"Core/Src/main.o" --specs=nano.specs -mfloat-abi=soft -mthumb -o "Core/Src/main.o"
../Core/Src/main.c:164:1: error: expected identifier or '(' before '}' token
  164 | }
      | ^
make: *** [Core/Src/subdir.mk:34: Core/Src/main.o] Error 1
"make -j12 all" terminated with exit code 2. Build might be incomplete.
17:06:18 **** Incremental Build of configuration Debug for project ATAT Walker ****
make -j12 all 
arm-none-eabi-gcc "../Core/Src/main.c" -mcpu=cortex-m0plus -std=gnu11 -g3 -DDEBUG -DUSE_HAL_DRIVER -DSTM32L031xx -c -I../Core/Inc -I../Drivers/STM32L0xx_HAL_Driver/Inc -I../Drivers/STM32L0xx_HAL_Driver/Inc/Legacy -I../Drivers/CMSIS/Device/ST/STM32L0xx/Include -I../Drivers/CMSIS/Include -O0 -ffunction-sections -fdata-sections -Wall -fstack-usage -fcyclomatic-complexity -MMD -MP -MF"Core/Src/main.d" -MT"Core/Src/main.o" --specs=nano.specs -mfloat-abi=soft -mthumb -o "Core/Src/main.o"
arm-none-eabi-gcc -o "ATAT Walker.elf" @"objects.list"   -mcpu=cortex-m0plus -T"C:\Users\jcasino2\Downloads\ATAT Walker\ATAT Walker\STM32L031K6TX_FLASH.ld" --specs=nosys.specs -Wl,-Map="ATAT Walker.map" -Wl,--gc-sections -static --specs=nano.specs -mfloat-abi=soft -mthumb -Wl,--start-group -lc -lm -Wl,--end-group
Finished building target: ATAT Walker.elf
 
arm-none-eabi-size  ATAT\ Walker.elf 
arm-none-eabi-objdump -h -S ATAT\ Walker.elf  > "ATAT Walker.list"
   text	   data	    bss	    dec	    hex	filename
  16420	     12	   1788	  18220	   472c	ATAT Walker.elf
Finished building: default.size.stdout
 
Finished building: ATAT Walker.list
 
17:11:26 **** Incremental Build of configuration Debug for project ATAT Walker ****
make -j12 all 
arm-none-eabi-gcc "../Core/Src/main.c" -mcpu=cortex-m0plus -std=gnu11 -g3 -DDEBUG -DUSE_HAL_DRIVER -DSTM32L031xx -c -I../Core/Inc -I../Drivers/STM32L0xx_HAL_Driver/Inc -I../Drivers/STM32L0xx_HAL_Driver/Inc/Legacy -I../Drivers/CMSIS/Device/ST/STM32L0xx/Include -I../Drivers/CMSIS/Include -O0 -ffunction-sections -fdata-sections -Wall -fstack-usage -fcyclomatic-complexity -MMD -MP -MF"Core/Src/main.d" -MT"Core/Src/main.o" --specs=nano.specs -mfloat-abi=soft -mthumb -o "Core/Src/main.o"
arm-none-eabi-gcc -o "ATAT Walker.elf" @"objects.list"   -mcpu=cortex-m0plus -T"C:\Users\jcasino2\Downloads\ATAT Walker\ATAT Walker\STM32L031K6TX_FLASH.ld" --specs=nosys.specs -Wl,-Map="ATAT Walker.map" -Wl,--gc-sections -static --specs=nano.specs -mfloat-abi=soft -mthumb -Wl,--start-group -lc -lm -Wl,--end-group
Finished building target: ATAT Walker.elf
 
arm-none-eabi-size  ATAT\ Walker.elf 
arm-none-eabi-objdump -h -S ATAT\ Walker.elf  > "ATAT Walker.list"
   text	   data	    bss	    dec	    hex	filename
  16420	     12	   1788	  18220	   472c	ATAT Walker.elf
Finished building: default.size.stdout
 
Finished building: ATAT Walker.list
 
17:13:22 **** Incremental Build of configuration Debug for project ATAT Walker ****
make -j12 all 
arm-none-eabi-gcc "../Core/Src/main.c" -mcpu=cortex-m0plus -std=gnu11 -g3 -DDEBUG -DUSE_HAL_DRIVER -DSTM32L031xx -c -I../Core/Inc -I../Drivers/STM32L0xx_HAL_Driver/Inc -I../Drivers/STM32L0xx_HAL_Driver/Inc/Legacy -I../Drivers/CMSIS/Device/ST/STM32L0xx/Include -I../Drivers/CMSIS/Include -O0 -ffunction-sections -fdata-sections -Wall -fstack-usage -fcyclomatic-complexity -MMD -MP -MF"Core/Src/main.d" -MT"Core/Src/main.o" --specs=nano.specs -mfloat-abi=soft -mthumb -o "Core/Src/main.o"
arm-none-eabi-gcc -o "ATAT Walker.elf" @"objects.list"   -mcpu=cortex-m0plus -T"C:\Users\jcasino2\Downloads\ATAT Walker\ATAT Walker\STM32L031K6TX_FLASH.ld" --specs=nosys.specs -Wl,-Map="ATAT Walker.map" -Wl,--gc-sections -static --specs=nano.specs -mfloat-abi=soft -mthumb -Wl,--start-group -lc -lm -Wl,--end-group
Finished building target: ATAT Walker.elf
 
arm-none-eabi-size  ATAT\ Walker.elf 
arm-none-eabi-objdump -h -S ATAT\ Walker.elf  > "ATAT Walker.list"
   text	   data	    bss	    dec	    hex	filename
  16420	     12	   1788	  18220	   472c	ATAT Walker.elf
Finished building: default.size.stdout
 
Finished building: ATAT Walker.list
 
17:14:36 **** Incremental Build of configuration Debug for project ATAT Walker ****
make -j12 all 
arm-none-eabi-gcc "../Core/Src/main.c" -mcpu=cortex-m0plus -std=gnu11 -g3 -DDEBUG -DUSE_HAL_DRIVER -DSTM32L031xx -c -I../Core/Inc -I../Drivers/STM32L0xx_HAL_Driver/Inc -I../Drivers/STM32L0xx_HAL_Driver/Inc/Legacy -I../Drivers/CMSIS/Device/ST/STM32L0xx/Include -I../Drivers/CMSIS/Include -O0 -ffunction-sections -fdata-sections -Wall -fstack-usage -fcyclomatic-complexity -MMD -MP -MF"Core/Src/main.d" -MT"Core/Src/main.o" --specs=nano.specs -mfloat-abi=soft -mthumb -o "Core/Src/main.o"
arm-none-eabi-gcc -o "ATAT Walker.elf" @"objects.list"   -mcpu=cortex-m0plus -T"C:\Users\jcasino2\Downloads\ATAT Walker\ATAT Walker\STM32L031K6TX_FLASH.ld" --specs=nosys.specs -Wl,-Map="ATAT Walker.map" -Wl,--gc-sections -static --specs=nano.specs -mfloat-abi=soft -mthumb -Wl,--start-group -lc -lm -Wl,--end-group
Finished building target: ATAT Walker.elf
 
arm-none-eabi-size  ATAT\ Walker.elf 
arm-none-eabi-objdump -h -S ATAT\ Walker.elf  > "ATAT Walker.list"
   text	   data	    bss	    dec	    hex	filename
  20248	    124	   1788	  22160	   5690	ATAT Walker.elf
Finished building: default.size.stdout
 
Finished building: ATAT Walker.list
 
17:16:32 **** Incremental Build of configuration Debug for project ATAT Walker ****
make -j12 all 
arm-none-eabi-gcc "../Core/Src/main.c" -mcpu=cortex-m0plus -std=gnu11 -g3 -DDEBUG -DUSE_HAL_DRIVER -DSTM32L031xx -c -I../Core/Inc -I../Drivers/STM32L0xx_HAL_Driver/Inc -I../Drivers/STM32L0xx_HAL_Driver/Inc/Legacy -I../Drivers/CMSIS/Device/ST/STM32L0xx/Include -I../Drivers/CMSIS/Include -O0 -ffunction-sections -fdata-sections -Wall -fstack-usage -fcyclomatic-complexity -MMD -MP -MF"Core/Src/main.d" -MT"Core/Src/main.o" --specs=nano.specs -mfloat-abi=soft -mthumb -o "Core/Src/main.o"
arm-none-eabi-gcc -o "ATAT Walker.elf" @"objects.list"   -mcpu=cortex-m0plus -T"C:\Users\jcasino2\Downloads\ATAT Walker\ATAT Walker\STM32L031K6TX_FLASH.ld" --specs=nosys.specs -Wl,-Map="ATAT Walker.map" -Wl,--gc-sections -static --specs=nano.specs -mfloat-abi=soft -mthumb -Wl,--start-group -lc -lm -Wl,--end-group
Finished building target: ATAT Walker.elf
 
arm-none-eabi-size  ATAT\ Walker.elf 
arm-none-eabi-objdump -h -S ATAT\ Walker.elf  > "ATAT Walker.list"
   text	   data	    bss	    dec	    hex	filename
  16420	     12	   1788	  18220	   472c	ATAT Walker.elf
Finished building: default.size.stdout
 
Finished building: ATAT Walker.list
 
17:20:50 **** Incremental Build of configuration Debug for project ATAT Walker ****
make -j12 all 
arm-none-eabi-gcc "../Core/Src/main.c" -mcpu=cortex-m0plus -std=gnu11 -g3 -DDEBUG -DUSE_HAL_DRIVER -DSTM32L031xx -c -I../Core/Inc -I../Drivers/STM32L0xx_HAL_Driver/Inc -I../Drivers/STM32L0xx_HAL_Driver/Inc/Legacy -I../Drivers/CMSIS/Device/ST/STM32L0xx/Include -I../Drivers/CMSIS/Include -O0 -ffunction-sections -fdata-sections -Wall -fstack-usage -fcyclomatic-complexity -MMD -MP -MF"Core/Src/main.d" -MT"Core/Src/main.o" --specs=nano.specs -mfloat-abi=soft -mthumb -o "Core/Src/main.o"
arm-none-eabi-gcc -o "ATAT Walker.elf" @"objects.list"   -mcpu=cortex-m0plus -T"C:\Users\jcasino2\Downloads\ATAT Walker\ATAT Walker\STM32L031K6TX_FLASH.ld" --specs=nosys.specs -Wl,-Map="ATAT Walker.map" -Wl,--gc-sections -static --specs=nano.specs -mfloat-abi=soft -mthumb -Wl,--start-group -lc -lm -Wl,--end-group
Finished building target: ATAT Walker.elf
 
arm-none-eabi-size  ATAT\ Walker.elf 
arm-none-eabi-objdump -h -S ATAT\ Walker.elf  > "ATAT Walker.list"
   text	   data	    bss	    dec	    hex	filename
  20248	    124	   1788	  22160	   5690	ATAT Walker.elf
Finished building: default.size.stdout
 
Finished building: ATAT Walker.list
 
